Component: ARM Compiler 5.06 update 6 (build 750) Tool: armlink [4d35ed]

==============================================================================

Section Cross References

    main.o(i.AllInit) refers to delay.o(i.delay_init) for delay_init
    main.o(i.AllInit) refers to servo.o(i.TIM_PWM_Init) for TIM_PWM_Init
    main.o(i.AllInit) refers to bsp_usart.o(i.USART_Config) for USART_Config
    main.o(i.AllInit) refers to bsp_adc.o(i.ADCx_Init) for ADCx_Init
    main.o(i.AllInit) refers to motor.o(i.tim_motor_init) for tim_motor_init
    main.o(i.AllInit) refers to encode.o(i.TIM4_Init) for TIM4_Init
    main.o(i.AllInit) refers to encode.o(i.TIM3_Init) for TIM3_Init
    main.o(i.AllInit) refers to tim.o(i.TIM_Init) for TIM_Init
    main.o(i.AllInit) refers to led.o(i.Led_Init) for Led_Init
    main.o(i.AllInit) refers to tim.o(i.TIM7_Init) for TIM7_Init
    main.o(i.main) refers to main.o(i.AllInit) for AllInit
    stm32f10x_it.o(i.TIM1_UP_IRQHandler) refers to stm32f10x_tim.o(i.TIM_GetITStatus) for TIM_GetITStatus
    stm32f10x_it.o(i.TIM1_UP_IRQHandler) refers to stm32f10x_tim.o(i.TIM_SetCompare1) for TIM_SetCompare1
    stm32f10x_it.o(i.TIM1_UP_IRQHandler) refers to stm32f10x_tim.o(i.TIM_SetCompare2) for TIM_SetCompare2
    stm32f10x_it.o(i.TIM1_UP_IRQHandler) refers to stm32f10x_tim.o(i.TIM_SetCompare3) for TIM_SetCompare3
    stm32f10x_it.o(i.TIM1_UP_IRQHandler) refers to stm32f10x_tim.o(i.TIM_SetCompare4) for TIM_SetCompare4
    stm32f10x_it.o(i.TIM1_UP_IRQHandler) refers to control.o(i.Island_Judge_Motor) for Island_Judge_Motor
    stm32f10x_it.o(i.TIM1_UP_IRQHandler) refers to control.o(i.SW_Judge_Motor) for SW_Judge_Motor
    stm32f10x_it.o(i.TIM1_UP_IRQHandler) refers to control.o(i.Hill_Judge_Motor) for Hill_Judge_Motor
    stm32f10x_it.o(i.TIM1_UP_IRQHandler) refers to control.o(i.Normal_Judge_Motor) for Normal_Judge_Motor
    stm32f10x_it.o(i.TIM1_UP_IRQHandler) refers to stm32f10x_tim.o(i.TIM_ClearITPendingBit) for TIM_ClearITPendingBit
    stm32f10x_it.o(i.TIM1_UP_IRQHandler) refers to stm32f10x_it.o(.data) for Element_Change_Flag
    stm32f10x_it.o(i.TIM1_UP_IRQHandler) refers to bsp_adc.o(.bss) for ADC_ConvertedValue
    stm32f10x_it.o(i.TIM7_IRQHandler) refers to stm32f10x_tim.o(i.TIM_GetITStatus) for TIM_GetITStatus
    stm32f10x_it.o(i.TIM7_IRQHandler) refers to control.o(i.Island_Judge_Servo) for Island_Judge_Servo
    stm32f10x_it.o(i.TIM7_IRQHandler) refers to control.o(i.Normal_Judge_Servo) for Normal_Judge_Servo
    stm32f10x_it.o(i.TIM7_IRQHandler) refers to stm32f10x_tim.o(i.TIM_ClearITPendingBit) for TIM_ClearITPendingBit
    stm32f10x_it.o(i.TIM7_IRQHandler) refers to stm32f10x_it.o(.data) for Element_Change_Flag
    bsp_adc.o(i.ADCx_GPIO_Config) refers to stm32f10x_rcc.o(i.RCC_APB2PeriphClockCmd) for RCC_APB2PeriphClockCmd
    bsp_adc.o(i.ADCx_GPIO_Config) refers to stm32f10x_gpio.o(i.GPIO_Init) for GPIO_Init
    bsp_adc.o(i.ADCx_Init) refers to bsp_adc.o(i.ADCx_GPIO_Config) for ADCx_GPIO_Config
    bsp_adc.o(i.ADCx_Init) refers to bsp_adc.o(i.ADCx_Mode_Config) for ADCx_Mode_Config
    bsp_adc.o(i.ADCx_Mode_Config) refers to stm32f10x_rcc.o(i.RCC_AHBPeriphClockCmd) for RCC_AHBPeriphClockCmd
    bsp_adc.o(i.ADCx_Mode_Config) refers to stm32f10x_rcc.o(i.RCC_APB2PeriphClockCmd) for RCC_APB2PeriphClockCmd
    bsp_adc.o(i.ADCx_Mode_Config) refers to stm32f10x_dma.o(i.DMA_DeInit) for DMA_DeInit
    bsp_adc.o(i.ADCx_Mode_Config) refers to stm32f10x_dma.o(i.DMA_Init) for DMA_Init
    bsp_adc.o(i.ADCx_Mode_Config) refers to stm32f10x_dma.o(i.DMA_Cmd) for DMA_Cmd
    bsp_adc.o(i.ADCx_Mode_Config) refers to stm32f10x_adc.o(i.ADC_Init) for ADC_Init
    bsp_adc.o(i.ADCx_Mode_Config) refers to stm32f10x_rcc.o(i.RCC_ADCCLKConfig) for RCC_ADCCLKConfig
    bsp_adc.o(i.ADCx_Mode_Config) refers to stm32f10x_adc.o(i.ADC_RegularChannelConfig) for ADC_RegularChannelConfig
    bsp_adc.o(i.ADCx_Mode_Config) refers to stm32f10x_adc.o(i.ADC_DMACmd) for ADC_DMACmd
    bsp_adc.o(i.ADCx_Mode_Config) refers to stm32f10x_adc.o(i.ADC_Cmd) for ADC_Cmd
    bsp_adc.o(i.ADCx_Mode_Config) refers to stm32f10x_adc.o(i.ADC_ResetCalibration) for ADC_ResetCalibration
    bsp_adc.o(i.ADCx_Mode_Config) refers to stm32f10x_adc.o(i.ADC_GetResetCalibrationStatus) for ADC_GetResetCalibrationStatus
    bsp_adc.o(i.ADCx_Mode_Config) refers to stm32f10x_adc.o(i.ADC_StartCalibration) for ADC_StartCalibration
    bsp_adc.o(i.ADCx_Mode_Config) refers to stm32f10x_adc.o(i.ADC_GetCalibrationStatus) for ADC_GetCalibrationStatus
    bsp_adc.o(i.ADCx_Mode_Config) refers to stm32f10x_adc.o(i.ADC_SoftwareStartConvCmd) for ADC_SoftwareStartConvCmd
    bsp_adc.o(i.ADCx_Mode_Config) refers to bsp_adc.o(.bss) for ADC_ConvertedValue
    bsp_usart.o(i.NVIC_Configuration) refers to misc.o(i.NVIC_PriorityGroupConfig) for NVIC_PriorityGroupConfig
    bsp_usart.o(i.NVIC_Configuration) refers to misc.o(i.NVIC_Init) for NVIC_Init
    bsp_usart.o(i.USART_Config) refers to stm32f10x_rcc.o(i.RCC_APB2PeriphClockCmd) for RCC_APB2PeriphClockCmd
[...]
    ../clib/libinit.s                        0x00000000   Number         0  libinit2.o ABSOLUTE
    ../clib/libinit.s                        0x00000000   Number         0  libinit.o ABSOLUTE
    ../clib/libinit.s                        0x00000000   Number         0  libshutdown.o ABSOLUTE
    ../clib/libinit.s                        0x00000000   Number         0  libshutdown2.o ABSOLUTE
    ../clib/signal.c                         0x00000000   Number         0  defsig_rtmem_formal.o ABSOLUTE
    ../clib/signal.c                         0x00000000   Number         0  defsig_exit.o ABSOLUTE
    ../clib/signal.c                         0x00000000   Number         0  defsig_rtmem_inner.o ABSOLUTE
    ../clib/signal.c                         0x00000000   Number         0  __raise.o ABSOLUTE
    ../clib/signal.c                         0x00000000   Number         0  defsig_general.o ABSOLUTE
    ../clib/signal.c                         0x00000000   Number         0  defsig_fpe_inner.o ABSOLUTE
    ../clib/signal.c                         0x00000000   Number         0  defsig_rtred_inner.o ABSOLUTE
    ../clib/signal.c                         0x00000000   Number         0  defsig_abrt_inner.o ABSOLUTE
    ../clib/signal.c                         0x00000000   Number         0  defsig_stak_inner.o ABSOLUTE
    ../clib/signal.c                         0x00000000   Number         0  defsig_pvfn_inner.o ABSOLUTE
    ../clib/signal.c                         0x00000000   Number         0  defsig_cppl_inner.o ABSOLUTE
    ../clib/signal.c                         0x00000000   Number         0  defsig_rtmem_outer.o ABSOLUTE
    ../clib/signal.c                         0x00000000   Number         0  defsig_segv_inner.o ABSOLUTE
    ../clib/signal.c                         0x00000000   Number         0  defsig_other.o ABSOLUTE
    ../clib/signal.s                         0x00000000   Number         0  defsig.o ABSOLUTE
    ../clib/stdlib.c                         0x00000000   Number         0  exit.o ABSOLUTE
    ../fplib/d2f.s                           0x00000000   Number         0  d2f.o ABSOLUTE
    ../fplib/daddsub.s                       0x00000000   Number         0  daddsub_clz.o ABSOLUTE
    ../fplib/dcmpi.s                         0x00000000   Number         0  dcmpi.o ABSOLUTE
    ../fplib/ddiv.s                          0x00000000   Number         0  ddiv.o ABSOLUTE
    ../fplib/dfix.s                          0x00000000   Number         0  dfix.o ABSOLUTE
    ../fplib/dflt.s                          0x00000000   Number         0  dflt_clz.o ABSOLUTE
    ../fplib/dleqf.s                         0x00000000   Number         0  dleqf.o ABSOLUTE
    ../fplib/dmul.s                          0x00000000   Number         0  dmul.o ABSOLUTE
    ../fplib/dnaninf.s                       0x00000000   Number         0  dnaninf.o ABSOLUTE
    ../fplib/dretinf.s                       0x00000000   Number         0  dretinf.o ABSOLUTE
    ../fplib/drleqf.s                        0x00000000   Number         0  drleqf.o ABSOLUTE
    ../fplib/dsqrt.s                         0x00000000   Number         0  dsqrt_noumaal.o ABSOLUTE
    ../fplib/f2d.s                           0x00000000   Number         0  f2d.o ABSOLUTE
    ../fplib/faddsub.s                       0x00000000   Number         0  faddsub_clz.o ABSOLUTE
    ../fplib/fdiv.s                          0x00000000   Number         0  fdiv.o ABSOLUTE
    ../fplib/ffix.s                          0x00000000   Number         0  ffix.o ABSOLUTE
    ../fplib/fflt.s                          0x00000000   Number         0  fflt_clz.o ABSOLUTE
    ../fplib/fmul.s                          0x00000000   Number         0  fmul.o ABSOLUTE
    ../fplib/fnaninf.s                       0x00000000   Number         0  fnaninf.o ABSOLUTE
    ../fplib/fpinit.s                        0x00000000   Number         0  fpinit.o ABSOLUTE
    ../fplib/fretinf.s                       0x00000000   Number         0  fretinf.o ABSOLUTE
    ../fplib/usenofp.s                       0x00000000   Number         0  usenofp.o ABSOLUTE
    ../mathlib/sqrt.c                        0x00000000   Number         0  sqrt_x.o ABSOLUTE
    ../mathlib/sqrt.c                        0x00000000   Number         0  sqrt.o ABSOLUTE
    ..\App\src\main.c                        0x00000000   Number         0  main.o ABSOLUTE
    ..\App\src\stm32f10x_it.c                0x00000000   Number         0  stm32f10x_it.o ABSOLUTE
    ..\Board\src\Servo.c                     0x00000000   Number         0  servo.o ABSOLUTE
    ..\Board\src\bsp_adc.c                   0x00000000   Number         0  bsp_adc.o ABSOLUTE
    ..\Board\src\bsp_usart.c                 0x00000000   Number         0  bsp_usart.o ABSOLUTE
    ..\Board\src\control.c                   0x00000000   Number         0  control.o ABSOLUTE
    ..\Board\src\delay.c                     0x00000000   Number         0  delay.o ABSOLUTE
    ..\Board\src\encode.c                    0x00000000   Number         0  encode.o ABSOLUTE
    ..\Board\src\led.c                       0x00000000   Number         0  led.o ABSOLUTE
    ..\Board\src\motor.c                     0x00000000   Number         0  motor.o ABSOLUTE
    ..\Board\src\tim.c                       0x00000000   Number         0  tim.o ABSOLUTE
    ..\CMSIS\startup\startup_stm32f10x_hd.s  0x00000000   Number         0  startup_stm32f10x_hd.o ABSOLUTE
    ..\CMSIS\system_stm32f10x.c              0x00000000   Number         0  system_stm32f10x.o ABSOLUTE
    ..\Libraries\src\misc.c                  0x00000000   Number         0  misc.o ABSOLUTE
    ..\Libraries\src\stm32f10x_adc.c         0x00000000   Number         0  stm32f10x_adc.o ABSOLUTE
    ..\Libraries\src\stm32f10x_bkp.c         0x00000000   Number         0  stm32f10x_bkp.o ABSOLUTE
    ..\Libraries\src\stm32f10x_can.c         0x00000000   Number         0  stm32f10x_can.o ABSOLUTE
    ..\Libraries\src\stm32f10x_cec.c         0x00000000   Number         0  stm32f10x_cec.o ABSOLUTE
    ..\Libraries\src\stm32f10x_crc.c         0x00000000   Number         0  stm32f10x_crc.o ABSOLUTE
    ..\Libraries\src\stm32f10x_dac.c         0x00000000   Number         0  stm32f10x_dac.o ABSOLUTE
    ..\Libraries\src\stm32f10x_dbgmcu.c      0x00000000   Number         0  stm32f10x_dbgmcu.o ABSOLUTE
    ..\Libraries\src\stm32f10x_dma.c         0x00000000   Number         0  stm32f10x_dma.o ABSOLUTE
    ..\Libraries\src\stm32f10x_exti.c        0x00000000   Number         0  stm32f10x_exti.o ABSOLUTE
    ..\Libraries\src\stm32f10x_flash.c       0x00000000   Number         0  stm32f10x_flash.o ABSOLUTE
    ..\Libraries\src\stm32f10x_fsmc.c        0x00000000   Number         0  stm32f10x_fsmc.o ABSOLUTE
    ..\Libraries\src\stm32f10x_gpio.c        0x00000000   Number         0  stm32f10x_gpio.o ABSOLUTE
    ..\Libraries\src\stm32f10x_i2c.c         0x00000000   Number         0  stm32f10x_i2c.o ABSOLUTE
    ..\Libraries\src\stm32f10x_iwdg.c        0x00000000   Number         0  stm32f10x_iwdg.o ABSOLUTE
    ..\Libraries\src\stm32f10x_pwr.c         0x00000000   Number         0  stm32f10x_pwr.o ABSOLUTE
    ..\Libraries\src\stm32f10x_rcc.c         0x00000000   Number         0  stm32f10x_rcc.o ABSOLUTE
    ..\Libraries\src\stm32f10x_rtc.c         0x00000000   Number         0  stm32f10x_rtc.o ABSOLUTE
    ..\Libraries\src\stm32f10x_sdio.c        0x00000000   Number         0  stm32f10x_sdio.o ABSOLUTE
    ..\Libraries\src\stm32f10x_spi.c         0x00000000   Number         0  stm32f10x_spi.o ABSOLUTE
    ..\Libraries\src\stm32f10x_tim.c         0x00000000   Number         0  stm32f10x_tim.o ABSOLUTE
    ..\Libraries\src\stm32f10x_usart.c       0x00000000   Number         0  stm32f10x_usart.o ABSOLUTE
    ..\Libraries\src\stm32f10x_wwdg.c        0x00000000   Number         0  stm32f10x_wwdg.o ABSOLUTE
    dc.s                                     0x00000000   Number         0  dc.o ABSOLUTE
    RESET                                    0x08000000   Section      304  startup_stm32f10x_hd.o(RESET)
    !!!main                                  0x08000130   Section        8  __main.o(!!!main)
    !!!scatter                               0x08000138   Section       52  __scatter.o(!!!scatter)
    !!handler_copy                           0x0800016c   Section       26  __scatter_copy.o(!!handler_copy)
    !!handler_zi                             0x08000188   Section       28  __scatter_zi.o(!!handler_zi)
    .ARM.Collect$$libinit$$00000000          0x080001a4   Section        2  libinit.o(.ARM.Collect$$libinit$$00000000)
    .ARM.Collect$$libinit$$00000002          0x080001a6   Section        0  libinit2.o(.ARM.Collect$$libinit$$00000002)
    .ARM.Collect$$libinit$$00000004          0x080001a6   Section        0  libinit2.o(.ARM.Collect$$libinit$$00000004)
    .ARM.Collect$$libinit$$0000000A          0x080001a6   Section        0  libinit2.o(.ARM.Collect$$libinit$$0000000A)
    .ARM.Collect$$libinit$$0000000C          0x080001a6   Section        0  libinit2.o(.ARM.Collect$$libinit$$0000000C)
    .ARM.Collect$$libinit$$0000000E          0x080001a6   Section        0  libinit2.o(.ARM.Collect$$libinit$$0000000E)
    .ARM.Collect$$libinit$$00000011          0x080001a6   Section        0  libinit2.o(.ARM.Collect$$libinit$$00000011)
    .ARM.Collect$$libinit$$00000013          0x080001a6   Section        0  libinit2.o(.ARM.Collect$$libinit$$00000013)
    .ARM.Collect$$libinit$$00000015          0x080001a6   Section        0  libinit2.o(.ARM.Collect$$libinit$$00000015)
    .ARM.Collect$$libinit$$00000017          0x080001a6   Section        0  libinit2.o(.ARM.Collect$$libinit$$00000017)
    .ARM.Collect$$libinit$$00000019          0x080001a6   Section        0  libinit2.o(.ARM.Collect$$libinit$$00000019)
    .ARM.Collect$$libinit$$0000001B          0x080001a6   Section        0  libinit2.o(.ARM.Collect$$libinit$$0000001B)
    .ARM.Collect$$libinit$$0000001D          0x080001a6   Section        0  libinit2.o(.ARM.Collect$$libinit$$0000001D)
    .ARM.Collect$$libinit$$0000001F          0x080001a6   Section        0  libinit2.o(.ARM.Collect$$libinit$$0000001F)
    .ARM.Collect$$libinit$$00000021          0x080001a6   Section        0  libinit2.o(.ARM.Collect$$libinit$$00000021)
    .ARM.Collect$$libinit$$00000023          0x080001a6   Section        0  libinit2.o(.ARM.Collect$$libinit$$00000023)
    .ARM.Collect$$libinit$$00000025          0x080001a6   Section        0  libinit2.o(.ARM.Collect$$libinit$$00000025)
    .ARM.Collect$$libinit$$0000002C          0x080001a6   Section        0  libinit2.o(.ARM.Collect$$libinit$$0000002C)
    .ARM.Collect$$libinit$$0000002E          0x080001a6   Section        0  libinit2.o(.ARM.Collect$$libinit$$0000002E)
    .ARM.Collect$$libinit$$00000030          0x080001a6   Section        0  libinit2.o(.ARM.Collect$$libinit$$00000030)
    .ARM.Collect$$libinit$$00000032          0x080001a6   Section        0  libinit2.o(.ARM.Collect$$libinit$$00000032)
    .ARM.Collect$$libinit$$00000033          0x080001a6   Section        2  libinit2.o(.ARM.Collect$$libinit$$00000033)
    .ARM.Collect$$libshutdown$$00000000      0x080001a8   Section        2  libshutdown.o(.ARM.Collect$$libshutdown$$00000000)
    .ARM.Collect$$libshutdown$$00000002      0x080001aa   Section        0  libshutdown2.o(.ARM.Collect$$libshutdown$$00000002)
    .ARM.Collect$$libshutdown$$00000004      0x080001aa   Section        0  libshutdown2.o(.ARM.Collect$$libshutdown$$00000004)
    .ARM.Collect$$libshutdown$$00000007      0x080001aa   Section        0  libshutdown2.o(.ARM.Collect$$libshutdown$$00000007)
    .ARM.Collect$$libshutdown$$0000000A      0x080001aa   Section        0  libshutdown2.o(.ARM.Collect$$libshutdown$$0000000A)
    .ARM.Collect$$libshutdown$$0000000C      0x080001aa   Section        0  libshutdown2.o(.ARM.Collect$$libshutdown$$0000000C)
    .ARM.Collect$$libshutdown$$0000000F      0x080001aa   Section        0  libshutdown2.o(.ARM.Collect$$libshutdown$$0000000F)
    .ARM.Collect$$libshutdown$$00000010      0x080001aa   Section        2  libshutdown2.o(.ARM.Collect$$libshutdown$$00000010)
    .ARM.Collect$$rtentry$$00000000          0x080001ac   Section        0  __rtentry.o(.ARM.Collect$$rtentry$$00000000)
    .ARM.Collect$$rtentry$$00000002          0x080001ac   Section        0  __rtentry2.o(.ARM.Collect$$rtentry$$00000002)
    .ARM.Collect$$rtentry$$00000004          0x080001ac   Section        6  __rtentry4.o(.ARM.Collect$$rtentry$$00000004)
    .ARM.Collect$$rtentry$$00000009          0x080001b2   Section        0  __rtentry2.o(.ARM.Collect$$rtentry$$00000009)
    .ARM.Collect$$rtentry$$0000000A          0x080001b2   Section        4  __rtentry2.o(.ARM.Collect$$rtentry$$0000000A)
    .ARM.Collect$$rtentry$$0000000C          0x080001b6   Section        0  __rtentry2.o(.ARM.Collect$$rtentry$$0000000C)
    .ARM.Collect$$rtentry$$0000000D          0x080001b6   Section        8  __rtentry2.o(.ARM.Collect$$rtentry$$0000000D)
    .ARM.Collect$$rtexit$$00000000           0x080001be   Section        2  rtexit.o(.ARM.Collect$$rtexit$$00000000)
    .ARM.Collect$$rtexit$$00000002           0x080001c0   Section        0  rtexit2.o(.ARM.Collect$$rtexit$$00000002)
    .ARM.Collect$$rtexit$$00000003           0x080001c0   Section        4  rtexit2.o(.ARM.Collect$$rtexit$$00000003)
    .ARM.Collect$$rtexit$$00000004           0x080001c4   Section        6  rtexit2.o(.ARM.Collect$$rtexit$$00000004)
    .text                                    0x080001cc   Section       64  startup_stm32f10x_hd.o(.text)
    .text                                    0x0800020c   Section        0  heapauxi.o(.text)
    .text                                    0x08000212   Section        0  _rserrno.o(.text)
    .text                                    0x08000228   Section        8  rt_errno_addr_intlibspace.o(.text)
    .text                                    0x08000230   Section        8  libspace.o(.text)
    .text                                    0x08000238   Section       74  sys_stackheap_outer.o(.text)
    .text                                    0x08000282   Section        0  exit.o(.text)
    .text                                    0x08000294   Section        0  sys_exit.o(.text)
    .text                                    0x080002a0   Section        2  use_no_semi.o(.text)
    .text                                    0x080002a2   Section        0  indicate_semi.o(.text)
    i.ADC_Cmd                                0x080002a2   Section        0  stm32f10x_adc.o(i.ADC_Cmd)
    i.ADC_DMACmd                             0x080002b8   Section        0  stm32f10x_adc.o(i.ADC_DMACmd)
    i.ADC_GetCalibrationStatus               0x080002ce   Section        0  stm32f10x_adc.o(i.ADC_GetCalibrationStatus)
    i.ADC_GetResetCalibrationStatus          0x080002e2   Section        0  stm32f10x_adc.o(i.ADC_GetResetCalibrationStatus)
    i.ADC_Init                               0x080002f8   Section        0  stm32f10x_adc.o(i.ADC_Init)
    i.ADC_RegularChannelConfig               0x08000348   Section        0  stm32f10x_adc.o(i.ADC_RegularChannelConfig)
    i.ADC_ResetCalibration                   0x08000400   Section        0  stm32f10x_adc.o(i.ADC_ResetCalibration)
    i.ADC_SoftwareStartConvCmd               0x0800040a   Section        0  stm32f10x_adc.o(i.ADC_SoftwareStartConvCmd)
    i.ADC_StartCalibration                   0x08000420   Section        0  stm32f10x_adc.o(i.ADC_StartCalibration)
    i.ADCx_GPIO_Config                       0x0800042c   Section        0  bsp_adc.o(i.ADCx_GPIO_Config)
    ADCx_GPIO_Config                         0x0800042d   Thumb Code    62  bsp_adc.o(i.ADCx_GPIO_Config)
    i.ADCx_Init                              0x08000470   Section        0  bsp_adc.o(i.ADCx_Init)
    i.ADCx_Mode_Config                       0x0800047c   Section        0  bsp_adc.o(i.ADCx_Mode_Config)
    ADCx_Mode_Config                         0x0800047d   Thumb Code   282  bsp_adc.o(i.ADCx_Mode_Config)
    i.AllInit                                0x080005a4   Section        0  main.o(i.AllInit)
    i.BusFault_Handler                       0x080005e4   Section        0  stm32f10x_it.o(i.BusFault_Handler)
    i.DMA_Cmd                                0x080005e8   Section        0  stm32f10x_dma.o(i.DMA_Cmd)
    i.DMA_DeInit                             0x08000600   Section        0  stm32f10x_dma.o(i.DMA_DeInit)
    i.DMA_Init                               0x0800074c   Section        0  stm32f10x_dma.o(i.DMA_Init)
    i.DebugMon_Handler                       0x08000788   Section        0  stm32f10x_it.o(i.DebugMon_Handler)
    i.Deviation_Calculation                  0x0800078c   Section        0  control.o(i.Deviation_Calculation)
    i.GPIO_Init                              0x08000b64   Section        0  stm32f10x_gpio.o(i.GPIO_Init)
    i.GPIO_PinRemapConfig                    0x08000c7c   Section        0  stm32f10x_gpio.o(i.GPIO_PinRemapConfig)
    i.GPIO_StructInit                        0x08000d0c   Section        0  stm32f10x_gpio.o(i.GPIO_StructInit)
    i.HardFault_Handler                      0x08000d1c   Section        0  stm32f10x_it.o(i.HardFault_Handler)
    i.Hill_Judge_Motor                       0x08000d20   Section        0  control.o(i.Hill_Judge_Motor)
    i.Island_Judge_Motor                     0x08000d22   Section        0  control.o(i.Island_Judge_Motor)
    i.Island_Judge_Servo                     0x08000d24   Section        0  control.o(i.Island_Judge_Servo)
    i.Led_Init                               0x08000d98   Section        0  led.o(i.Led_Init)
    i.MemManage_Handler                      0x08000f58   Section        0  stm32f10x_it.o(i.MemManage_Handler)
    i.Motor_Control                          0x08000f5c   Section        0  control.o(i.Motor_Control)
    i.NMI_Handler                            0x08000f8c   Section        0  stm32f10x_it.o(i.NMI_Handler)
    i.NVIC_Configuration                     0x08000f8e   Section        0  bsp_usart.o(i.NVIC_Configuration)
    NVIC_Configuration                       0x08000f8f   Thumb Code    40  bsp_usart.o(i.NVIC_Configuration)
    i.NVIC_Init                              0x08000fb8   Section        0  misc.o(i.NVIC_Init)
    i.NVIC_PriorityGroupConfig               0x08001028   Section        0  misc.o(i.NVIC_PriorityGroupConfig)
    i.Normal_Judge_Motor                     0x0800103c   Section        0  control.o(i.Normal_Judge_Motor)
    i.Normal_Judge_Servo                     0x08001044   Section        0  control.o(i.Normal_Judge_Servo)
    i.PendSV_Handler                         0x0800107c   Section        0  stm32f10x_it.o(i.PendSV_Handler)
    i.RCC_ADCCLKConfig                       0x08001080   Section        0  stm32f10x_rcc.o(i.RCC_ADCCLKConfig)
    i.RCC_AHBPeriphClockCmd                  0x08001098   Section        0  stm32f10x_rcc.o(i.RCC_AHBPeriphClockCmd)
    i.RCC_APB1PeriphClockCmd                 0x080010b8   Section        0  stm32f10x_rcc.o(i.RCC_APB1PeriphClockCmd)
    i.RCC_APB2PeriphClockCmd                 0x080010d8   Section        0  stm32f10x_rcc.o(i.RCC_APB2PeriphClockCmd)
    i.RCC_GetClocksFreq                      0x080010f8   Section        0  stm32f10x_rcc.o(i.RCC_GetClocksFreq)
    i.SVC_Handler                            0x080011cc   Section        0  stm32f10x_it.o(i.SVC_Handler)
    i.SW_Judge_Motor                         0x080011ce   Section        0  control.o(i.SW_Judge_Motor)
    i.Servo_Control                          0x080011d0   Section        0  servo.o(i.Servo_Control)
    i.SetSysClock                            0x080011f6   Section        0  system_stm32f10x.o(i.SetSysClock)
    SetSysClock                              0x080011f7   Thumb Code     8  system_stm32f10x.o(i.SetSysClock)
    i.SetSysClockTo72                        0x08001200   Section        0  system_stm32f10x.o(i.SetSysClockTo72)
    SetSysClockTo72                          0x08001201   Thumb Code   214  system_stm32f10x.o(i.SetSysClockTo72)
    i.SysTick_CLKSourceConfig                0x080012e0   Section        0  misc.o(i.SysTick_CLKSourceConfig)
    i.SysTick_Handler                        0x08001308   Section        0  stm32f10x_it.o(i.SysTick_Handler)
    i.SystemInit                             0x0800130c   Section        0  system_stm32f10x.o(i.SystemInit)
    i.TI1_Config                             0x0800136c   Section        0  stm32f10x_tim.o(i.TI1_Config)
    TI1_Config                               0x0800136d   Thumb Code   108  stm32f10x_tim.o(i.TI1_Config)
    i.TI2_Config                             0x080013ec   Section        0  stm32f10x_tim.o(i.TI2_Config)
    TI2_Config                               0x080013ed   Thumb Code   130  stm32f10x_tim.o(i.TI2_Config)
    i.TI3_Config                             0x08001484   Section        0  stm32f10x_tim.o(i.TI3_Config)
    TI3_Config                               0x08001485   Thumb Code   122  stm32f10x_tim.o(i.TI3_Config)
    i.TI4_Config                             0x08001514   Section        0  stm32f10x_tim.o(i.TI4_Config)
    TI4_Config                               0x08001515   Thumb Code   130  stm32f10x_tim.o(i.TI4_Config)
    i.TIM1_UP_IRQHandler                     0x080015ac   Section        0  stm32f10x_it.o(i.TIM1_UP_IRQHandler)
    i.TIM3_Init                              0x08001630   Section        0  encode.o(i.TIM3_Init)
    i.TIM3_Mode_Config                       0x08001638   Section        0  encode.o(i.TIM3_Mode_Config)
    i.TIM4_Init                              0x080016d8   Section        0  encode.o(i.TIM4_Init)
    i.TIM4_Mode_Config                       0x080016e0   Section        0  encode.o(i.TIM4_Mode_Config)
    i.TIM5_IRQHandler                        0x08001780   Section        0  tim.o(i.TIM5_IRQHandler)
    i.TIM7_IRQHandler                        0x08001844   Section        0  stm32f10x_it.o(i.TIM7_IRQHandler)
    i.TIM7_Init                              0x08001888   Section        0  tim.o(i.TIM7_Init)
    i.TIM8_UP_IRQHandler                     0x080018ec   Section        0  stm32f10x_it.o(i.TIM8_UP_IRQHandler)
    i.TIM_ARRPreloadConfig                   0x080018ee   Section        0  stm32f10x_tim.o(i.TIM_ARRPreloadConfig)
    i.TIM_ClearFlag                          0x08001906   Section        0  stm32f10x_tim.o(i.TIM_ClearFlag)
    i.TIM_ClearITPendingBit                  0x0800190c   Section        0  stm32f10x_tim.o(i.TIM_ClearITPendingBit)
    i.TIM_Cmd                                0x08001912   Section        0  stm32f10x_tim.o(i.TIM_Cmd)
    i.TIM_CtrlPWMOutputs                     0x0800192a   Section        0  stm32f10x_tim.o(i.TIM_CtrlPWMOutputs)
    i.TIM_EncoderInterfaceConfig             0x08001948   Section        0  stm32f10x_tim.o(i.TIM_EncoderInterfaceConfig)
    i.TIM_GetCounter                         0x0800198a   Section        0  stm32f10x_tim.o(i.TIM_GetCounter)
    i.TIM_GetITStatus                        0x08001990   Section        0  stm32f10x_tim.o(i.TIM_GetITStatus)
    i.TIM_ICInit                             0x080019b4   Section        0  stm32f10x_tim.o(i.TIM_ICInit)
    i.TIM_ICStructInit                       0x08001a60   Section        0  stm32f10x_tim.o(i.TIM_ICStructInit)
    i.TIM_ITConfig                           0x08001a72   Section        0  stm32f10x_tim.o(i.TIM_ITConfig)
    i.TIM_Init                               0x08001a84   Section        0  tim.o(i.TIM_Init)
    i.TIM_OC1Init                            0x08001af4   Section        0  stm32f10x_tim.o(i.TIM_OC1Init)
    i.TIM_OC1PreloadConfig                   0x08001b8c   Section        0  stm32f10x_tim.o(i.TIM_OC1PreloadConfig)
    i.TIM_OC2Init                            0x08001ba0   Section        0  stm32f10x_tim.o(i.TIM_OC2Init)
    i.TIM_OC2PreloadConfig                   0x08001c44   Section        0  stm32f10x_tim.o(i.TIM_OC2PreloadConfig)
    i.TIM_OC3Init                            0x08001c60   Section        0  stm32f10x_tim.o(i.TIM_OC3Init)
    i.TIM_OC3PreloadConfig                   0x08001d00   Section        0  stm32f10x_tim.o(i.TIM_OC3PreloadConfig)
    i.TIM_OC4Init                            0x08001d14   Section        0  stm32f10x_tim.o(i.TIM_OC4Init)
    i.TIM_OC4PreloadConfig                   0x08001d90   Section        0  stm32f10x_tim.o(i.TIM_OC4PreloadConfig)
    i.TIM_PWM_Init                           0x08001dac   Section        0  servo.o(i.TIM_PWM_Init)
    i.TIM_SetCompare1                        0x08001e60   Section        0  stm32f10x_tim.o(i.TIM_SetCompare1)
    i.TIM_SetCompare2                        0x08001e64   Section        0  stm32f10x_tim.o(i.TIM_SetCompare2)
    i.TIM_SetCompare3                        0x08001e68   Section        0  stm32f10x_tim.o(i.TIM_SetCompare3)
    i.TIM_SetCompare4                        0x08001e6c   Section        0  stm32f10x_tim.o(i.TIM_SetCompare4)
    i.TIM_SetIC1Prescaler                    0x08001e72   Section        0  stm32f10x_tim.o(i.TIM_SetIC1Prescaler)
    i.TIM_SetIC2Prescaler                    0x08001e84   Section        0  stm32f10x_tim.o(i.TIM_SetIC2Prescaler)
    i.TIM_SetIC3Prescaler                    0x08001e9e   Section        0  stm32f10x_tim.o(i.TIM_SetIC3Prescaler)
    i.TIM_SetIC4Prescaler                    0x08001eb0   Section        0  stm32f10x_tim.o(i.TIM_SetIC4Prescaler)
    i.TIM_TimeBaseInit                       0x08001ecc   Section        0  stm32f10x_tim.o(i.TIM_TimeBaseInit)
    i.TIM_TimeBaseStructInit                 0x08001f70   Section        0  stm32f10x_tim.o(i.TIM_TimeBaseStructInit)
    i.Two_ADC_Calculation                    0x08001f84   Section        0  control.o(i.Two_ADC_Calculation)
    i.USART_Cmd                              0x08002330   Section        0  stm32f10x_usart.o(i.USART_Cmd)
    i.USART_Config                           0x08002348   Section        0  bsp_usart.o(i.USART_Config)
    i.USART_ITConfig                         0x080023d8   Section        0  stm32f10x_usart.o(i.USART_ITConfig)
    i.USART_Init                             0x08002424   Section        0  stm32f10x_usart.o(i.USART_Init)
    i.UsageFault_Handler                     0x080024fc   Section        0  stm32f10x_it.o(i.UsageFault_Handler)
    i.delay_init                             0x08002500   Section        0  delay.o(i.delay_init)
    i.main                                   0x08002544   Section        0  main.o(i.main)
    i.sqrt                                   0x0800254c   Section        0  sqrt.o(i.sqrt)
    i.tim_motor_init                         0x08002598   Section        0  motor.o(i.tim_motor_init)
    x$fpl$d2f                                0x080026b0   Section       98  d2f.o(x$fpl$d2f)
    x$fpl$dcmpinf                            0x08002712   Section       24  dcmpi.o(x$fpl$dcmpinf)
    x$fpl$ddiv                               0x0800272c   Section      688  ddiv.o(x$fpl$ddiv)
    ddiv_entry                               0x08002733   Thumb Code     0  ddiv.o(x$fpl$ddiv)
    x$fpl$dfltu                              0x080029dc   Section       38  dflt_clz.o(x$fpl$dfltu)
    x$fpl$dleqf                              0x08002a04   Section      120  dleqf.o(x$fpl$dleqf)
    x$fpl$dmul                               0x08002a7c   Section      340  dmul.o(x$fpl$dmul)
    x$fpl$dnaninf                            0x08002bd0   Section      156  dnaninf.o(x$fpl$dnaninf)
    x$fpl$dretinf                            0x08002c6c   Section       12  dretinf.o(x$fpl$dretinf)
    x$fpl$drleqf                             0x08002c78   Section      108  drleqf.o(x$fpl$drleqf)
    x$fpl$dsqrt                              0x08002ce4   Section      460  dsqrt_noumaal.o(x$fpl$dsqrt)
    x$fpl$f2d                                0x08002eb0   Section       86  f2d.o(x$fpl$f2d)
    x$fpl$fadd                               0x08002f08   Section      196  faddsub_clz.o(x$fpl$fadd)
    _fadd1                                   0x08002f17   Thumb Code     0  faddsub_clz.o(x$fpl$fadd)
    x$fpl$fdiv                               0x08002fcc   Section      388  fdiv.o(x$fpl$fdiv)
    _fdiv1                                   0x08002fcd   Thumb Code     0  fdiv.o(x$fpl$fdiv)
    x$fpl$ffix                               0x08003150   Section       54  ffix.o(x$fpl$ffix)
    x$fpl$ffltu                              0x08003188   Section       38  fflt_clz.o(x$fpl$ffltu)
    x$fpl$fmul                               0x080031b0   Section      258  fmul.o(x$fpl$fmul)
    x$fpl$fnaninf                            0x080032b2   Section      140  fnaninf.o(x$fpl$fnaninf)
    x$fpl$fretinf                            0x0800333e   Section       10  fretinf.o(x$fpl$fretinf)
    x$fpl$fsub                               0x08003348   Section      234  faddsub_clz.o(x$fpl$fsub)
    _fsub1                                   0x08003357   Thumb Code     0  faddsub_clz.o(x$fpl$fsub)
    x$fpl$usenofp                            0x08003432   Section        0  usenofp.o(x$fpl$usenofp)
    .data                                    0x20000000   Section        8  stm32f10x_it.o(.data)
    .data                                    0x20000008   Section        4  delay.o(.data)
    fac_us                                   0x20000008   Data           1  delay.o(.data)
    fac_ms                                   0x2000000a   Data           2  delay.o(.data)
    .data                                    0x2000000c   Section      148  control.o(.data)
    .data                                    0x200000a0   Section       40  tim.o(.data)
    .data                                    0x200000c8   Section       20  system_stm32f10x.o(.data)
    .data                                    0x200000dc   Section       20  stm32f10x_rcc.o(.data)
    APBAHBPrescTable                         0x200000dc   Data          16  stm32f10x_rcc.o(.data)
    ADCPrescTable                            0x200000ec   Data           4  stm32f10x_rcc.o(.data)
    .bss                                     0x200000f0   Section       10  bsp_adc.o(.bss)
    .bss                                     0x200000fc   Section       56  control.o(.bss)
    .bss                                     0x20000134   Section       96  libspace.o(.bss)
    HEAP                                     0x20000198   Section      512  startup_stm32f10x_hd.o(HEAP)
    Heap_Mem                                 0x20000198   Data         512  startup_stm32f10x_hd.o(HEAP)
    STACK                                    0x20000398   Section     1024  startup_stm32f10x_hd.o(STACK)
    Stack_Mem                                0x20000398   Data        1024  startup_stm32f10x_hd.o(STACK)
    __initial_sp                             0x20000798   Data           0  startup_stm32f10x_hd.o(STACK)

    Global Symbols

    Symbol Name                              Value     Ov Type        Size  Object(Section)

    BuildAttributes$$THM_ISAv4$P$D$K$B$S$PE$A:L22UL41UL21$X:L11$S22US41US21$IEEE1$IW$USESV6$~STKCKD$USESV7$~SHL$OTIME$ROPI$IEEEJ$EBA8$UX$STANDARDLIB$REQ8$PRES8$EABIv2 0x00000000   Number         0  anon$$obj.o ABSOLUTE
    __ARM_use_no_argv                        0x00000000   Number         0  main.o ABSOLUTE
    __ARM_exceptions_init                     - Undefined Weak Reference
    __alloca_initialize                       - Undefined Weak Reference
    __arm_preinit_                            - Undefined Weak Reference
    __cpp_initialize__aeabi_                  - Undefined Weak Reference
    __cxa_finalize                            - Undefined Weak Reference
    __rt_locale                               - Undefined Weak Reference
    __sigvec_lookup                           - Undefined Weak Reference
    _atexit_init                              - Undefined Weak Reference
    _call_atexit_fns                          - Undefined Weak Reference
    _clock_init                               - Undefined Weak Reference
    _fp_trap_init                             - Undefined Weak Reference
    _fp_trap_shutdown                         - Undefined Weak Reference
    _get_lc_collate                           - Undefined Weak Reference
    _get_lc_ctype                             - Undefined Weak Reference
    _get_lc_monetary                          - Undefined Weak Reference
    _get_lc_numeric                           - Undefined Weak Reference
    _get_lc_time                              - Undefined Weak Reference
    _getenv_init                              - Undefined Weak Reference
    _handle_redirection                       - Undefined Weak Reference
    _init_alloc                               - Undefined Weak Reference
    _init_user_alloc                          - Undefined Weak Reference
    _initio                                   - Undefined Weak Reference
    _rand_init                                - Undefined Weak Reference
    _signal_finish                            - Undefined Weak Reference
    _signal_init                              - Undefined Weak Reference
    _terminate_alloc                          - Undefined Weak Reference
    _terminate_user_alloc                     - Undefined Weak Reference
    _terminateio                              - Undefined Weak Reference
    __Vectors_Size                           0x00000130   Number         0  startup_stm32f10x_hd.o ABSOLUTE
    __Vectors                                0x08000000   Data           4  startup_stm32f10x_hd.o(RESET)
    __Vectors_End                            0x08000130   Data           0  startup_stm32f10x_hd.o(RESET)
    __main                                   0x08000131   Thumb Code     8  __main.o(!!!main)
    __scatterload                            0x08000139   Thumb Code     0  __scatter.o(!!!scatter)
    __scatterload_rt2                        0x08000139   Thumb Code    44  __scatter.o(!!!scatter)
    __scatterload_rt2_thumb_only             0x08000139   Thumb Code     0  __scatter.o(!!!scatter)
    __scatterload_null                       0x08000147   Thumb Code     0  __scatter.o(!!!scatter)
    __scatterload_copy                       0x0800016d   Thumb Code    26  __scatter_copy.o(!!handler_copy)
    __scatterload_zeroinit                   0x08000189   Thumb Code    28  __scatter_zi.o(!!handler_zi)
    __rt_lib_init                            0x080001a5   Thumb Code     0  libinit.o(.ARM.Collect$$libinit$$00000000)
    __rt_lib_init_alloca_1                   0x080001a7   Thumb Code     0  libinit2.o(.ARM.Collect$$libinit$$0000002E)
    __rt_lib_init_argv_1                     0x080001a7   Thumb Code     0  libinit2.o(.ARM.Collect$$libinit$$0000002C)
    __rt_lib_init_atexit_1                   0x080001a7   Thumb Code     0  libinit2.o(.ARM.Collect$$libinit$$0000001B)
    __rt_lib_init_clock_1                    0x080001a7   Thumb Code     0  libinit2.o(.ARM.Collect$$libinit$$00000021)
    __rt_lib_init_cpp_1                      0x080001a7   Thumb Code     0  libinit2.o(.ARM.Collect$$libinit$$00000032)
    __rt_lib_init_exceptions_1               0x080001a7   Thumb Code     0  libinit2.o(.ARM.Collect$$libinit$$00000030)
    __rt_lib_init_fp_1                       0x080001a7   Thumb Code     0  libinit2.o(.ARM.Collect$$libinit$$00000002)
    __rt_lib_init_fp_trap_1                  0x080001a7   Thumb Code     0  libinit2.o(.ARM.Collect$$libinit$$0000001F)
    __rt_lib_init_getenv_1                   0x080001a7   Thumb Code     0  libinit2.o(.ARM.Collect$$libinit$$00000023)
    __rt_lib_init_heap_1                     0x080001a7   Thumb Code     0  libinit2.o(.ARM.Collect$$libinit$$0000000A)
    __rt_lib_init_lc_collate_1               0x080001a7   Thumb Code     0  libinit2.o(.ARM.Collect$$libinit$$00000011)
    __rt_lib_init_lc_ctype_1                 0x080001a7   Thumb Code     0  libinit2.o(.ARM.Collect$$libinit$$00000013)
    __rt_lib_init_lc_monetary_1              0x080001a7   Thumb Code     0  libinit2.o(.ARM.Collect$$libinit$$00000015)
    __rt_lib_init_lc_numeric_1               0x080001a7   Thumb Code     0  libinit2.o(.ARM.Collect$$libinit$$00000017)
    __rt_lib_init_lc_time_1                  0x080001a7   Thumb Code     0  libinit2.o(.ARM.Collect$$libinit$$00000019)
    __rt_lib_init_preinit_1                  0x080001a7   Thumb Code     0  libinit2.o(.ARM.Collect$$libinit$$00000004)
    __rt_lib_init_rand_1                     0x080001a7   Thumb Code     0  libinit2.o(.ARM.Collect$$libinit$$0000000E)
    __rt_lib_init_return                     0x080001a7   Thumb Code     0  libinit2.o(.ARM.Collect$$libinit$$00000033)
    __rt_lib_init_signal_1                   0x080001a7   Thumb Code     0  libinit2.o(.ARM.Collect$$libinit$$0000001D)
    __rt_lib_init_stdio_1                    0x080001a7   Thumb Code     0  libinit2.o(.ARM.Collect$$libinit$$00000025)
    __rt_lib_init_user_alloc_1               0x080001a7   Thumb Code     0  libinit2.o(.ARM.Collect$$libinit$$0000000C)
    __rt_lib_shutdown                        0x080001a9   Thumb Code     0  libshutdown.o(.ARM.Collect$$libshutdown$$00000000)
    __rt_lib_shutdown_cpp_1                  0x080001ab   Thumb Code     0  libshutdown2.o(.ARM.Collect$$libshutdown$$00000002)
    __rt_lib_shutdown_fp_trap_1              0x080001ab   Thumb Code     0  libshutdown2.o(.ARM.Collect$$libshutdown$$00000007)
    __rt_lib_shutdown_heap_1                 0x080001ab   Thumb Code     0  libshutdown2.o(.ARM.Collect$$libshutdown$$0000000F)
    __rt_lib_shutdown_return                 0x080001ab   Thumb Code     0  libshutdown2.o(.ARM.Collect$$libshutdown$$00000010)
    __rt_lib_shutdown_signal_1               0x080001ab   Thumb Code     0  libshutdown2.o(.ARM.Collect$$libshutdown$$0000000A)
    __rt_lib_shutdown_stdio_1                0x080001ab   Thumb Code     0  libshutdown2.o(.ARM.Collect$$libshutdown$$00000004)
    __rt_lib_shutdown_user_alloc_1           0x080001ab   Thumb Code     0  libshutdown2.o(.ARM.Collect$$libshutdown$$0000000C)
    __rt_entry                               0x080001ad   Thumb Code     0  __rtentry.o(.ARM.Collect$$rtentry$$00000000)
    __rt_entry_presh_1                       0x080001ad   Thumb Code     0  __rtentry2.o(.ARM.Collect$$rtentry$$00000002)
    __rt_entry_sh                            0x080001ad   Thumb Code     0  __rtentry4.o(.ARM.Collect$$rtentry$$00000004)
    __rt_entry_li                            0x080001b3   Thumb Code     0  __rtentry2.o(.ARM.Collect$$rtentry$$0000000A)
    __rt_entry_postsh_1                      0x080001b3   Thumb Code     0  __rtentry2.o(.ARM.Collect$$rtentry$$00000009)
    __rt_entry_main                          0x080001b7   Thumb Code     0  __rtentry2.o(.ARM.Collect$$rtentry$$0000000D)
    __rt_entry_postli_1                      0x080001b7   Thumb Code     0  __rtentry2.o(.ARM.Collect$$rtentry$$0000000C)
    __rt_exit                                0x080001bf   Thumb Code     0  rtexit.o(.ARM.Collect$$rtexit$$00000000)
    __rt_exit_ls                             0x080001c1   Thumb Code     0  rtexit2.o(.ARM.Collect$$rtexit$$00000003)
    __rt_exit_prels_1                        0x080001c1   Thumb Code     0  rtexit2.o(.ARM.Collect$$rtexit$$00000002)
    __rt_exit_exit                           0x080001c5   Thumb Code     0  rtexit2.o(.ARM.Collect$$rtexit$$00000004)
    Reset_Handler                            0x080001cd   Thumb Code     8  startup_stm32f10x_hd.o(.text)
    ADC1_2_IRQHandler                        0x080001e7   Thumb Code     0  startup_stm32f10x_hd.o(.text)
    ADC3_IRQHandler                          0x080001e7   Thumb Code     0  startup_stm32f10x_hd.o(.text)
    CAN1_RX1_IRQHandler                      0x080001e7   Thumb Code     0  startup_stm32f10x_hd.o(.text)
    CAN1_SCE_IRQHandler                      0x080001e7   Thumb Code     0  startup_stm32f10x_hd.o(.text)
    DMA1_Channel1_IRQHandler                 0x080001e7   Thumb Code     0  startup_stm32f10x_hd.o(.text)
    DMA1_Channel2_IRQHandler                 0x080001e7   Thumb Code     0  startup_stm32f10x_hd.o(.text)
    DMA1_Channel3_IRQHandler                 0x080001e7   Thumb Code     0  startup_stm32f10x_hd.o(.text)
    DMA1_Channel4_IRQHandler                 0x080001e7   Thumb Code     0  startup_stm32f10x_hd.o(.text)
    DMA1_Channel5_IRQHandler                 0x080001e7   Thumb Code     0  startup_stm32f10x_hd.o(.text)
    DMA1_Channel6_IRQHandler                 0x080001e7   Thumb Code     0  startup_stm32f10x_hd.o(.text)
    DMA1_Channel7_IRQHandler                 0x080001e7   Thumb Code     0  startup_stm32f10x_hd.o(.text)
    DMA2_Channel1_IRQHandler                 0x080001e7   Thumb Code     0  startup_stm32f10x_hd.o(.text)
    DMA2_Channel2_IRQHandler                 0x080001e7   Thumb Code     0  startup_stm32f10x_hd.o(.text)
    DMA2_Channel3_IRQHandler                 0x080001e7   Thumb Code     0  startup_stm32f10x_hd.o(.text)
    DMA2_Channel4_5_IRQHandler               0x080001e7   Thumb Code     0  startup_stm32f10x_hd.o(.text)
    EXTI0_IRQHandler                         0x080001e7   Thumb Code     0  startup_stm32f10x_hd.o(.text)
    EXTI15_10_IRQHandler                     0x080001e7   Thumb Code     0  startup_stm32f10x_hd.o(.text)
    EXTI1_IRQHandler                         0x080001e7   Thumb Code     0  startup_stm32f10x_hd.o(.text)
    EXTI2_IRQHandler                         0x080001e7   Thumb Code     0  startup_stm32f10x_hd.o(.text)
    EXTI3_IRQHandler                         0x080001e7   Thumb Code     0  startup_stm32f10x_hd.o(.text)
    EXTI4_IRQHandler                         0x080001e7   Thumb Code     0  startup_stm32f10x_hd.o(.text)
    EXTI9_5_IRQHandler                       0x080001e7   Thumb Code     0  startup_stm32f10x_hd.o(.text)
    FLASH_IRQHandler                         0x080001e7   Thumb Code     0  startup_stm32f10x_hd.o(.text)
    FSMC_IRQHandler                          0x080001e7   Thumb Code     0  startup_stm32f10x_hd.o(.text)
    I2C1_ER_IRQHandler                       0x080001e7   Thumb Code     0  startup_stm32f10x_hd.o(.text)
    I2C1_EV_IRQHandler                       0x080001e7   Thumb Code     0  startup_stm32f10x_hd.o(.text)
    I2C2_ER_IRQHandler                       0x080001e7   Thumb Code     0  startup_stm32f10x_hd.o(.text)
    I2C2_EV_IRQHandler                       0x080001e7   Thumb Code     0  startup_stm32f10x_hd.o(.text)
    PVD_IRQHandler                           0x080001e7   Thumb Code     0  startup_stm32f10x_hd.o(.text)
    RCC_IRQHandler                           0x080001e7   Thumb Code     0  startup_stm32f10x_hd.o(.text)
    RTCAlarm_IRQHandler                      0x080001e7   Thumb Code     0  startup_stm32f10x_hd.o(.text)
    RTC_IRQHandler                           0x080001e7   Thumb Code     0  startup_stm32f10x_hd.o(.text)
    SDIO_IRQHandler                          0x080001e7   Thumb Code     0  startup_stm32f10x_hd.o(.text)
    SPI1_IRQHandler                          0x080001e7   Thumb Code     0  startup_stm32f10x_hd.o(.text)
    SPI2_IRQHandler                          0x080001e7   Thumb Code     0  startup_stm32f10x_hd.o(.text)
    SPI3_IRQHandler                          0x080001e7   Thumb Code     0  startup_stm32f10x_hd.o(.text)
    TAMPER_IRQHandler                        0x080001e7   Thumb Code     0  startup_stm32f10x_hd.o(.text)
    TIM1_BRK_IRQHandler                      0x080001e7   Thumb Code     0  startup_stm32f10x_hd.o(.text)
    TIM1_CC_IRQHandler                       0x080001e7   Thumb Code     0  startup_stm32f10x_hd.o(.text)
    TIM1_TRG_COM_IRQHandler                  0x080001e7   Thumb Code     0  startup_stm32f10x_hd.o(.text)
    TIM2_IRQHandler                          0x080001e7   Thumb Code     0  startup_stm32f10x_hd.o(.text)
    TIM3_IRQHandler                          0x080001e7   Thumb Code     0  startup_stm32f10x_hd.o(.text)
    TIM4_IRQHandler                          0x080001e7   Thumb Code     0  startup_stm32f10x_hd.o(.text)
    TIM6_IRQHandler                          0x080001e7   Thumb Code     0  startup_stm32f10x_hd.o(.text)
    TIM8_BRK_IRQHandler                      0x080001e7   Thumb Code     0  startup_stm32f10x_hd.o(.text)
    TIM8_CC_IRQHandler                       0x080001e7   Thumb Code     0  startup_stm32f10x_hd.o(.text)
    TIM8_TRG_COM_IRQHandler                  0x080001e7   Thumb Code     0  startup_stm32f10x_hd.o(.text)
    UART4_IRQHandler                         0x080001e7   Thumb Code     0  startup_stm32f10x_hd.o(.text)
    UART5_IRQHandler                         0x080001e7   Thumb Code     0  startup_stm32f10x_hd.o(.text)
    USART1_IRQHandler                        0x080001e7   Thumb Code     0  startup_stm32f10x_hd.o(.text)
    USART2_IRQHandler                        0x080001e7   Thumb Code     0  startup_stm32f10x_hd.o(.text)
    USART3_IRQHandler                        0x080001e7   Thumb Code     0  startup_stm32f10x_hd.o(.text)
    USBWakeUp_IRQHandler                     0x080001e7   Thumb Code     0  startup_stm32f10x_hd.o(.text)
    USB_HP_CAN1_TX_IRQHandler                0x080001e7   Thumb Code     0  startup_stm32f10x_hd.o(.text)
    USB_LP_CAN1_RX0_IRQHandler               0x080001e7   Thumb Code     0  startup_stm32f10x_hd.o(.text)
    WWDG_IRQHandler                          0x080001e7   Thumb Code     0  startup_stm32f10x_hd.o(.text)
    __user_initial_stackheap                 0x080001e9   Thumb Code     0  startup_stm32f10x_hd.o(.text)
    __use_two_region_memory                  0x0800020d   Thumb Code     2  heapauxi.o(.text)
    __rt_heap_escrow$2region                 0x0800020f   Thumb Code     2  heapauxi.o(.text)
    __rt_heap_expand$2region                 0x08000211   Thumb Code     2  heapauxi.o(.text)
    __read_errno                             0x08000213   Thumb Code    10  _rserrno.o(.text)
    __set_errno                              0x0800021d   Thumb Code    12  _rserrno.o(.text)
    __aeabi_errno_addr                       0x08000229   Thumb Code     8  rt_errno_addr_intlibspace.o(.text)
    __errno$intlibspace                      0x08000229   Thumb Code     0  rt_errno_addr_intlibspace.o(.text)
    __rt_errno_addr$intlibspace              0x08000229   Thumb Code     0  rt_errno_addr_intlibspace.o(.text)
    __user_libspace                          0x08000231   Thumb Code     8  libspace.o(.text)
    __user_perproc_libspace                  0x08000231   Thumb Code     0  libspace.o(.text)
    __user_perthread_libspace                0x08000231   Thumb Code     0  libspace.o(.text)
    __user_setup_stackheap                   0x08000239   Thumb Code    74  sys_stackheap_outer.o(.text)
    exit                                     0x08000283   Thumb Code    18  exit.o(.text)
    _sys_exit                                0x08000295   Thumb Code     8  sys_exit.o(.text)
    __I$use$semihosting                      0x080002a1   Thumb Code     0  use_no_semi.o(.text)
    __use_no_semihosting_swi                 0x080002a1   Thumb Code     2  use_no_semi.o(.text)
    ADC_Cmd                                  0x080002a3   Thumb Code    22  stm32f10x_adc.o(i.ADC_Cmd)
    __semihosting_library_function           0x080002a3   Thumb Code     0  indicate_semi.o(.text)
    ADC_DMACmd                               0x080002b9   Thumb Code    22  stm32f10x_adc.o(i.ADC_DMACmd)
    ADC_GetCalibrationStatus                 0x080002cf   Thumb Code    20  stm32f10x_adc.o(i.ADC_GetCalibrationStatus)
    ADC_GetResetCalibrationStatus            0x080002e3   Thumb Code    20  stm32f10x_adc.o(i.ADC_GetResetCalibrationStatus)
    ADC_Init                                 0x080002f9   Thumb Code    70  stm32f10x_adc.o(i.ADC_Init)
    ADC_RegularChannelConfig                 0x08000349   Thumb Code   184  stm32f10x_adc.o(i.ADC_RegularChannelConfig)
    ADC_ResetCalibration                     0x08000401   Thumb Code    10  stm32f10x_adc.o(i.ADC_ResetCalibration)
    ADC_SoftwareStartConvCmd                 0x0800040b   Thumb Code    22  stm32f10x_adc.o(i.ADC_SoftwareStartConvCmd)
    ADC_StartCalibration                     0x08000421   Thumb Code    10  stm32f10x_adc.o(i.ADC_StartCalibration)
    ADCx_Init                                0x08000471   Thumb Code    12  bsp_adc.o(i.ADCx_Init)
    AllInit                                  0x080005a5   Thumb Code    64  main.o(i.AllInit)
    BusFault_Handler                         0x080005e5   Thumb Code     4  stm32f10x_it.o(i.BusFault_Handler)
    DMA_Cmd                                  0x080005e9   Thumb Code    24  stm32f10x_dma.o(i.DMA_Cmd)
    DMA_DeInit                               0x08000601   Thumb Code   324  stm32f10x_dma.o(i.DMA_DeInit)
    DMA_Init                                 0x0800074d   Thumb Code    60  stm32f10x_dma.o(i.DMA_Init)
    DebugMon_Handler                         0x08000789   Thumb Code     2  stm32f10x_it.o(i.DebugMon_Handler)
    Deviation_Calculation                    0x0800078d   Thumb Code   870  control.o(i.Deviation_Calculation)
    GPIO_Init                                0x08000b65   Thumb Code   278  stm32f10x_gpio.o(i.GPIO_Init)
    GPIO_PinRemapConfig                      0x08000c7d   Thumb Code   138  stm32f10x_gpio.o(i.GPIO_PinRemapConfig)
    GPIO_StructInit                          0x08000d0d   Thumb Code    16  stm32f10x_gpio.o(i.GPIO_StructInit)
    HardFault_Handler                        0x08000d1d   Thumb Code     4  stm32f10x_it.o(i.HardFault_Handler)
    Hill_Judge_Motor                         0x08000d21   Thumb Code     2  control.o(i.Hill_Judge_Motor)
    Island_Judge_Motor                       0x08000d23   Thumb Code     2  control.o(i.Island_Judge_Motor)
    Island_Judge_Servo                       0x08000d25   Thumb Code    90  control.o(i.Island_Judge_Servo)
    Led_Init                                 0x08000d99   Thumb Code   434  led.o(i.Led_Init)
    MemManage_Handler                        0x08000f59   Thumb Code     4  stm32f10x_it.o(i.MemManage_Handler)
    Motor_Control                            0x08000f5d   Thumb Code    44  control.o(i.Motor_Control)
    NMI_Handler                              0x08000f8d   Thumb Code     2  stm32f10x_it.o(i.NMI_Handler)
    NVIC_Init                                0x08000fb9   Thumb Code   100  misc.o(i.NVIC_Init)
    NVIC_PriorityGroupConfig                 0x08001029   Thumb Code    10  misc.o(i.NVIC_PriorityGroupConfig)
    Normal_Judge_Motor                       0x0800103d   Thumb Code     8  control.o(i.Normal_Judge_Motor)
    Normal_Judge_Servo                       0x08001045   Thumb Code    42  control.o(i.Normal_Judge_Servo)
    PendSV_Handler                           0x0800107d   Thumb Code     2  stm32f10x_it.o(i.PendSV_Handler)
    RCC_ADCCLKConfig                         0x08001081   Thumb Code    18  stm32f10x_rcc.o(i.RCC_ADCCLKConfig)
    RCC_AHBPeriphClockCmd                    0x08001099   Thumb Code    26  stm32f10x_rcc.o(i.RCC_AHBPeriphClockCmd)
    RCC_APB1PeriphClockCmd                   0x080010b9   Thumb Code    26  stm32f10x_rcc.o(i.RCC_APB1PeriphClockCmd)
    RCC_APB2PeriphClockCmd                   0x080010d9   Thumb Code    26  stm32f10x_rcc.o(i.RCC_APB2PeriphClockCmd)
    RCC_GetClocksFreq                        0x080010f9   Thumb Code   192  stm32f10x_rcc.o(i.RCC_GetClocksFreq)
    SVC_Handler                              0x080011cd   Thumb Code     2  stm32f10x_it.o(i.SVC_Handler)
    SW_Judge_Motor                           0x080011cf   Thumb Code     2  control.o(i.SW_Judge_Motor)
    Servo_Control                            0x080011d1   Thumb Code    38  servo.o(i.Servo_Control)
    SysTick_CLKSourceConfig                  0x080012e1   Thumb Code    40  misc.o(i.SysTick_CLKSourceConfig)
    SysTick_Handler                          0x08001309   Thumb Code     2  stm32f10x_it.o(i.SysTick_Handler)
    SystemInit                               0x0800130d   Thumb Code    78  system_stm32f10x.o(i.SystemInit)
    TIM1_UP_IRQHandler                       0x080015ad   Thumb Code   120  stm32f10x_it.o(i.TIM1_UP_IRQHandler)
    TIM3_Init                                0x08001631   Thumb Code     8  encode.o(i.TIM3_Init)
    TIM3_Mode_Config                         0x08001639   Thumb Code   148  encode.o(i.TIM3_Mode_Config)
    TIM4_Init                                0x080016d9   Thumb Code     8  encode.o(i.TIM4_Init)
    TIM4_Mode_Config                         0x080016e1   Thumb Code   150  encode.o(i.TIM4_Mode_Config)
    TIM5_IRQHandler                          0x08001781   Thumb Code   150  tim.o(i.TIM5_IRQHandler)
    TIM7_IRQHandler                          0x08001845   Thumb Code    56  stm32f10x_it.o(i.TIM7_IRQHandler)
    TIM7_Init                                0x08001889   Thumb Code    96  tim.o(i.TIM7_Init)
    TIM8_UP_IRQHandler                       0x080018ed   Thumb Code     2  stm32f10x_it.o(i.TIM8_UP_IRQHandler)
    TIM_ARRPreloadConfig                     0x080018ef   Thumb Code    24  stm32f10x_tim.o(i.TIM_ARRPreloadConfig)
    TIM_ClearFlag                            0x08001907   Thumb Code     6  stm32f10x_tim.o(i.TIM_ClearFlag)
    TIM_ClearITPendingBit                    0x0800190d   Thumb Code     6  stm32f10x_tim.o(i.TIM_ClearITPendingBit)
    TIM_Cmd                                  0x08001913   Thumb Code    24  stm32f10x_tim.o(i.TIM_Cmd)
    TIM_CtrlPWMOutputs                       0x0800192b   Thumb Code    30  stm32f10x_tim.o(i.TIM_CtrlPWMOutputs)
    TIM_EncoderInterfaceConfig               0x08001949   Thumb Code    66  stm32f10x_tim.o(i.TIM_EncoderInterfaceConfig)
    TIM_GetCounter                           0x0800198b   Thumb Code     6  stm32f10x_tim.o(i.TIM_GetCounter)
    TIM_GetITStatus                          0x08001991   Thumb Code    34  stm32f10x_tim.o(i.TIM_GetITStatus)
    TIM_ICInit                               0x080019b5   Thumb Code   150  stm32f10x_tim.o(i.TIM_ICInit)
    TIM_ICStructInit                         0x08001a61   Thumb Code    18  stm32f10x_tim.o(i.TIM_ICStructInit)
    TIM_ITConfig                             0x08001a73   Thumb Code    18  stm32f10x_tim.o(i.TIM_ITConfig)
    TIM_Init                                 0x08001a85   Thumb Code   106  tim.o(i.TIM_Init)
    TIM_OC1Init                              0x08001af5   Thumb Code   132  stm32f10x_tim.o(i.TIM_OC1Init)
    TIM_OC1PreloadConfig                     0x08001b8d   Thumb Code    18  stm32f10x_tim.o(i.TIM_OC1PreloadConfig)
    TIM_OC2Init                              0x08001ba1   Thumb Code   154  stm32f10x_tim.o(i.TIM_OC2Init)
    TIM_OC2PreloadConfig                     0x08001c45   Thumb Code    26  stm32f10x_tim.o(i.TIM_OC2PreloadConfig)
    TIM_OC3Init                              0x08001c61   Thumb Code   150  stm32f10x_tim.o(i.TIM_OC3Init)
    TIM_OC3PreloadConfig                     0x08001d01   Thumb Code    18  stm32f10x_tim.o(i.TIM_OC3PreloadConfig)
    TIM_OC4Init                              0x08001d15   Thumb Code   114  stm32f10x_tim.o(i.TIM_OC4Init)
    TIM_OC4PreloadConfig                     0x08001d91   Thumb Code    26  stm32f10x_tim.o(i.TIM_OC4PreloadConfig)
    TIM_PWM_Init                             0x08001dad   Thumb Code   176  servo.o(i.TIM_PWM_Init)
    TIM_SetCompare1                          0x08001e61   Thumb Code     4  stm32f10x_tim.o(i.TIM_SetCompare1)
    TIM_SetCompare2                          0x08001e65   Thumb Code     4  stm32f10x_tim.o(i.TIM_SetCompare2)
    TIM_SetCompare3                          0x08001e69   Thumb Code     4  stm32f10x_tim.o(i.TIM_SetCompare3)
    TIM_SetCompare4                          0x08001e6d   Thumb Code     6  stm32f10x_tim.o(i.TIM_SetCompare4)
    TIM_SetIC1Prescaler                      0x08001e73   Thumb Code    18  stm32f10x_tim.o(i.TIM_SetIC1Prescaler)
    TIM_SetIC2Prescaler                      0x08001e85   Thumb Code    26  stm32f10x_tim.o(i.TIM_SetIC2Prescaler)
    TIM_SetIC3Prescaler                      0x08001e9f   Thumb Code    18  stm32f10x_tim.o(i.TIM_SetIC3Prescaler)
    TIM_SetIC4Prescaler                      0x08001eb1   Thumb Code    26  stm32f10x_tim.o(i.TIM_SetIC4Prescaler)
    TIM_TimeBaseInit                         0x08001ecd   Thumb Code   122  stm32f10x_tim.o(i.TIM_TimeBaseInit)
    TIM_TimeBaseStructInit                   0x08001f71   Thumb Code    18  stm32f10x_tim.o(i.TIM_TimeBaseStructInit)
    Two_ADC_Calculation                      0x08001f85   Thumb Code   826  control.o(i.Two_ADC_Calculation)
    USART_Cmd                                0x08002331   Thumb Code    24  stm32f10x_usart.o(i.USART_Cmd)
    USART_Config                             0x08002349   Thumb Code   136  bsp_usart.o(i.USART_Config)
    USART_ITConfig                           0x080023d9   Thumb Code    74  stm32f10x_usart.o(i.USART_ITConfig)
    USART_Init                               0x08002425   Thumb Code   210  stm32f10x_usart.o(i.USART_Init)
    UsageFault_Handler                       0x080024fd   Thumb Code     4  stm32f10x_it.o(i.UsageFault_Handler)
    delay_init                               0x08002501   Thumb Code    50  delay.o(i.delay_init)
    main                                     0x08002545   Thumb Code     8  main.o(i.main)
    sqrt                                     0x0800254d   Thumb Code    76  sqrt.o(i.sqrt)
    tim_motor_init                           0x08002599   Thumb Code   266  motor.o(i.tim_motor_init)
    __aeabi_d2f                              0x080026b1   Thumb Code     0  d2f.o(x$fpl$d2f)
    _d2f                                     0x080026b1   Thumb Code    98  d2f.o(x$fpl$d2f)
    __fpl_dcmp_Inf                           0x08002713   Thumb Code    24  dcmpi.o(x$fpl$dcmpinf)
    __aeabi_ddiv                             0x0800272d   Thumb Code     0  ddiv.o(x$fpl$ddiv)
    _ddiv                                    0x0800272d   Thumb Code   552  ddiv.o(x$fpl$ddiv)
    __aeabi_ui2d                             0x080029dd   Thumb Code     0  dflt_clz.o(x$fpl$dfltu)
    _dfltu                                   0x080029dd   Thumb Code    38  dflt_clz.o(x$fpl$dfltu)
    __aeabi_cdcmple                          0x08002a05   Thumb Code     0  dleqf.o(x$fpl$dleqf)
    _dcmple                                  0x08002a05   Thumb Code   120  dleqf.o(x$fpl$dleqf)
    __fpl_dcmple_InfNaN                      0x08002a67   Thumb Code     0  dleqf.o(x$fpl$dleqf)
    __aeabi_dmul                             0x08002a7d   Thumb Code     0  dmul.o(x$fpl$dmul)
    _dmul                                    0x08002a7d   Thumb Code   332  dmul.o(x$fpl$dmul)
    __fpl_dnaninf                            0x08002bd1   Thumb Code   156  dnaninf.o(x$fpl$dnaninf)
    __fpl_dretinf                            0x08002c6d   Thumb Code    12  dretinf.o(x$fpl$dretinf)
    __aeabi_cdrcmple                         0x08002c79   Thumb Code     0  drleqf.o(x$fpl$drleqf)
    _drcmple                                 0x08002c79   Thumb Code   108  drleqf.o(x$fpl$drleqf)
    _dsqrt                                   0x08002ce5   Thumb Code   456  dsqrt_noumaal.o(x$fpl$dsqrt)
    __aeabi_f2d                              0x08002eb1   Thumb Code     0  f2d.o(x$fpl$f2d)
    _f2d                                     0x08002eb1   Thumb Code    86  f2d.o(x$fpl$f2d)
    __aeabi_fadd                             0x08002f09   Thumb Code     0  faddsub_clz.o(x$fpl$fadd)
    _fadd                                    0x08002f09   Thumb Code   196  faddsub_clz.o(x$fpl$fadd)
    __aeabi_fdiv                             0x08002fcd   Thumb Code     0  fdiv.o(x$fpl$fdiv)
    _fdiv                                    0x08002fcd   Thumb Code   384  fdiv.o(x$fpl$fdiv)
    __aeabi_f2iz                             0x08003151   Thumb Code     0  ffix.o(x$fpl$ffix)
    _ffix                                    0x08003151   Thumb Code    54  ffix.o(x$fpl$ffix)
    __aeabi_ui2f                             0x08003189   Thumb Code     0  fflt_clz.o(x$fpl$ffltu)
    _ffltu                                   0x08003189   Thumb Code    38  fflt_clz.o(x$fpl$ffltu)
    __aeabi_fmul                             0x080031b1   Thumb Code     0  fmul.o(x$fpl$fmul)
    _fmul                                    0x080031b1   Thumb Code   258  fmul.o(x$fpl$fmul)
    __fpl_fnaninf                            0x080032b3   Thumb Code   140  fnaninf.o(x$fpl$fnaninf)
    __fpl_fretinf                            0x0800333f   Thumb Code    10  fretinf.o(x$fpl$fretinf)
    __aeabi_fsub                             0x08003349   Thumb Code     0  faddsub_clz.o(x$fpl$fsub)
    _fsub                                    0x08003349   Thumb Code   234  faddsub_clz.o(x$fpl$fsub)
    __I$use$fp                               0x08003432   Number         0  usenofp.o(x$fpl$usenofp)
    Region$$Table$$Base                      0x08003434   Number         0  anon$$obj.o(Region$$Table)
    Region$$Table$$Limit                     0x08003454   Number         0  anon$$obj.o(Region$$Table)
    Element_Change_Flag                      0x20000000   Data           4  stm32f10x_it.o(.data)
    Island_Flag                              0x20000004   Data           4  stm32f10x_it.o(.data)
    i                                        0x2000000c   Data           1  control.o(.data)
    j                                        0x2000000d   Data           1  control.o(.data)
    k                                        0x2000000e   Data           1  control.o(.data)
    Temp                                     0x20000010   Data           2  control.o(.data)
    ADC_Sum                                  0x20000012   Data           8  control.o(.data)
    ADC_Second_SumAverage                    0x2000001a   Data           8  control.o(.data)
    ADC_Max                                  0x20000024   Data          16  control.o(.data)
    ADC_Min                                  0x20000034   Data          16  control.o(.data)
    g                                        0x20000044   Data           1  control.o(.data)
    ADC_Left_Sum                             0x20000048   Data           4  control.o(.data)
    ADC_Right_Sum                            0x2000004c   Data           4  control.o(.data)
    ADC_Left_Sqrt                            0x20000050   Data           4  control.o(.data)
    ADC_Right_Sqrt                           0x20000054   Data           4  control.o(.data)
    Servo_Error                              0x20000058   Data           4  control.o(.data)
    KPsum                                    0x2000005c   Data           4  control.o(.data)
    KDsum                                    0x20000060   Data           4  control.o(.data)
    Last_Servo_Error                         0x20000064   Data           4  control.o(.data)
    End_Error                                0x20000068   Data           4  control.o(.data)
    BMQ                                      0x2000006c   Data           4  control.o(.data)
    Speed_Expect                             0x20000070   Data           4  control.o(.data)
    Speed_Actual                             0x20000074   Data           4  control.o(.data)
    Speed_Error                              0x20000078   Data           4  control.o(.data)
    Speed_Error_P                            0x2000007c   Data           4  control.o(.data)
    Speed_Error_I                            0x20000080   Data           4  control.o(.data)
    Speed_Error_D                            0x20000084   Data           4  control.o(.data)
    Speed_Error_Last                         0x20000088   Data           4  control.o(.data)
    Speed_End                                0x2000008c   Data           4  control.o(.data)
    ServoOffset                              0x20000090   Data           2  control.o(.data)
    End_Servo_Error                          0x20000094   Data           4  control.o(.data)
    ServoControlValue                        0x20000098   Data           4  control.o(.data)
    x                                        0x2000009c   Data           4  control.o(.data)
    time                                     0x200000a0   Data           8  tim.o(.data)
    count1                                   0x200000a8   Data           2  tim.o(.data)
    count2                                   0x200000aa   Data           2  tim.o(.data)
    pi                                       0x200000b0   Data           8  tim.o(.data)
    v1                                       0x200000b8   Data           8  tim.o(.data)
    v2                                       0x200000c0   Data           8  tim.o(.data)
    SystemCoreClock                          0x200000c8   Data           4  system_stm32f10x.o(.data)
    AHBPrescTable                            0x200000cc   Data          16  system_stm32f10x.o(.data)
    ADC_ConvertedValue                       0x200000f0   Data          10  bsp_adc.o(.bss)
    ADC_First                                0x200000fc   Data          40  control.o(.bss)
    ADC_End                                  0x20000124   Data          16  control.o(.bss)
    __libspace_start                         0x20000134   Data          96  libspace.o(.bss)
    __temporary_stack_top$libspace           0x20000194   Data           0  libspace.o(.bss)



==============================================================================

Memory Map of the image

  Image Entry point : 0x08000131

  Load Region LR_IROM1 (Base: 0x08000000, Size: 0x00003544, Max: 0x00080000, ABSOLUTE)

    Execution Region ER_IROM1 (Exec base: 0x08000000, Load base: 0x08000000, Size: 0x00003454, Max: 0x00080000, ABSOLUTE)

    Exec Addr    Load Addr    Size         Type   Attr      Idx    E Section Name        Object

    0x08000000   0x08000000   0x00000130   Data   RO          607    RESET               startup_stm32f10x_hd.o
    0x08000130   0x08000130   0x00000008   Code   RO         3584  * !!!main             c_w.l(__main.o)
    0x08000138   0x08000138   0x00000034   Code   RO         3821    !!!scatter          c_w.l(__scatter.o)
    0x0800016c   0x0800016c   0x0000001a   Code   RO         3823    !!handler_copy      c_w.l(__scatter_copy.o)
    0x08000186   0x08000186   0x00000002   PAD
    0x08000188   0x08000188   0x0000001c   Code   RO         3825    !!handler_zi        c_w.l(__scatter_zi.o)
    0x080001a4   0x080001a4   0x00000002   Code   RO         3694    .ARM.Collect$$libinit$$00000000  c_w.l(libinit.o)
    0x080001a6   0x080001a6   0x00000000   Code   RO         3698    .ARM.Collect$$libinit$$00000002  c_w.l(libinit2.o)
    0x080001a6   0x080001a6   0x00000000   Code   RO         3700    .ARM.Collect$$libinit$$00000004  c_w.l(libinit2.o)
    0x080001a6   0x080001a6   0x00000000   Code   RO         3703    .ARM.Collect$$libinit$$0000000A  c_w.l(libinit2.o)
    0x080001a6   0x080001a6   0x00000000   Code   RO         3705    .ARM.Collect$$libinit$$0000000C  c_w.l(libinit2.o)
    0x080001a6   0x080001a6   0x00000000   Code   RO         3707    .ARM.Collect$$libinit$$0000000E  c_w.l(libinit2.o)
    0x080001a6   0x080001a6   0x00000000   Code   RO         3710    .ARM.Collect$$libinit$$00000011  c_w.l(libinit2.o)
    0x080001a6   0x080001a6   0x00000000   Code   RO         3712    .ARM.Collect$$libinit$$00000013  c_w.l(libinit2.o)
    0x080001a6   0x080001a6   0x00000000   Code   RO         3714    .ARM.Collect$$libinit$$00000015  c_w.l(libinit2.o)
    0x080001a6   0x080001a6   0x00000000   Code   RO         3716    .ARM.Collect$$libinit$$00000017  c_w.l(libinit2.o)
    0x080001a6   0x080001a6   0x00000000   Code   RO         3718    .ARM.Collect$$libinit$$00000019  c_w.l(libinit2.o)
    0x080001a6   0x080001a6   0x00000000   Code   RO         3720    .ARM.Collect$$libinit$$0000001B  c_w.l(libinit2.o)
    0x080001a6   0x080001a6   0x00000000   Code   RO         3722    .ARM.Collect$$libinit$$0000001D  c_w.l(libinit2.o)
    0x080001a6   0x080001a6   0x00000000   Code   RO         3724    .ARM.Collect$$libinit$$0000001F  c_w.l(libinit2.o)
    0x080001a6   0x080001a6   0x00000000   Code   RO         3726    .ARM.Collect$$libinit$$00000021  c_w.l(libinit2.o)
    0x080001a6   0x080001a6   0x00000000   Code   RO         3728    .ARM.Collect$$libinit$$00000023  c_w.l(libinit2.o)
    0x080001a6   0x080001a6   0x00000000   Code   RO         3730    .ARM.Collect$$libinit$$00000025  c_w.l(libinit2.o)
    0x080001a6   0x080001a6   0x00000000   Code   RO         3734    .ARM.Collect$$libinit$$0000002C  c_w.l(libinit2.o)
    0x080001a6   0x080001a6   0x00000000   Code   RO         3736    .ARM.Collect$$libinit$$0000002E  c_w.l(libinit2.o)
    0x080001a6   0x080001a6   0x00000000   Code   RO         3738    .ARM.Collect$$libinit$$00000030  c_w.l(libinit2.o)
    0x080001a6   0x080001a6   0x00000000   Code   RO         3740    .ARM.Collect$$libinit$$00000032  c_w.l(libinit2.o)
    0x080001a6   0x080001a6   0x00000002   Code   RO         3741    .ARM.Collect$$libinit$$00000033  c_w.l(libinit2.o)
    0x080001a8   0x080001a8   0x00000002   Code   RO         3761    .ARM.Collect$$libshutdown$$00000000  c_w.l(libshutdown.o)
    0x080001aa   0x080001aa   0x00000000   Code   RO         3774    .ARM.Collect$$libshutdown$$00000002  c_w.l(libshutdown2.o)
    0x080001aa   0x080001aa   0x00000000   Code   RO         3776    .ARM.Collect$$libshutdown$$00000004  c_w.l(libshutdown2.o)
    0x080001aa   0x080001aa   0x00000000   Code   RO         3779    .ARM.Collect$$libshutdown$$00000007  c_w.l(libshutdown2.o)
    0x080001aa   0x080001aa   0x00000000   Code   RO         3782    .ARM.Collect$$libshutdown$$0000000A  c_w.l(libshutdown2.o)
    0x080001aa   0x080001aa   0x00000000   Code   RO         3784    .ARM.Collect$$libshutdown$$0000000C  c_w.l(libshutdown2.o)
    0x080001aa   0x080001aa   0x00000000   Code   RO         3787    .ARM.Collect$$libshutdown$$0000000F  c_w.l(libshutdown2.o)
    0x080001aa   0x080001aa   0x00000002   Code   RO         3788    .ARM.Collect$$libshutdown$$00000010  c_w.l(libshutdown2.o)
    0x080001ac   0x080001ac   0x00000000   Code   RO         3646    .ARM.Collect$$rtentry$$00000000  c_w.l(__rtentry.o)
    0x080001ac   0x080001ac   0x00000000   Code   RO         3663    .ARM.Collect$$rtentry$$00000002  c_w.l(__rtentry2.o)
    0x080001ac   0x080001ac   0x00000006   Code   RO         3675    .ARM.Collect$$rtentry$$00000004  c_w.l(__rtentry4.o)
    0x080001b2   0x080001b2   0x00000000   Code   RO         3665    .ARM.Collect$$rtentry$$00000009  c_w.l(__rtentry2.o)
    0x080001b2   0x080001b2   0x00000004   Code   RO         3666    .ARM.Collect$$rtentry$$0000000A  c_w.l(__rtentry2.o)
    0x080001b6   0x080001b6   0x00000000   Code   RO         3668    .ARM.Collect$$rtentry$$0000000C  c_w.l(__rtentry2.o)
    0x080001b6   0x080001b6   0x00000008   Code   RO         3669    .ARM.Collect$$rtentry$$0000000D  c_w.l(__rtentry2.o)
    0x080001be   0x080001be   0x00000002   Code   RO         3695    .ARM.Collect$$rtexit$$00000000  c_w.l(rtexit.o)
    0x080001c0   0x080001c0   0x00000000   Code   RO         3743    .ARM.Collect$$rtexit$$00000002  c_w.l(rtexit2.o)
    0x080001c0   0x080001c0   0x00000004   Code   RO         3744    .ARM.Collect$$rtexit$$00000003  c_w.l(rtexit2.o)
    0x080001c4   0x080001c4   0x00000006   Code   RO         3745    .ARM.Collect$$rtexit$$00000004  c_w.l(rtexit2.o)
    0x080001ca   0x080001ca   0x00000002   PAD
    0x080001cc   0x080001cc   0x00000040   Code   RO          608    .text               startup_stm32f10x_hd.o
    0x0800020c   0x0800020c   0x00000006   Code   RO         3582    .text               c_w.l(heapauxi.o)
    0x08000212   0x08000212   0x00000016   Code   RO         3647    .text               c_w.l(_rserrno.o)
    0x08000228   0x08000228   0x00000008   Code   RO         3680    .text               c_w.l(rt_errno_addr_intlibspace.o)
    0x08000230   0x08000230   0x00000008   Code   RO         3682    .text               c_w.l(libspace.o)
    0x08000238   0x08000238   0x0000004a   Code   RO         3685    .text               c_w.l(sys_stackheap_outer.o)
    0x08000282   0x08000282   0x00000012   Code   RO         3687    .text               c_w.l(exit.o)
    0x08000294   0x08000294   0x0000000c   Code   RO         3753    .text               c_w.l(sys_exit.o)
    0x080002a0   0x080002a0   0x00000002   Code   RO         3764    .text               c_w.l(use_no_semi.o)
    0x080002a2   0x080002a2   0x00000000   Code   RO         3766    .text               c_w.l(indicate_semi.o)
    0x080002a2   0x080002a2   0x00000016   Code   RO          655    i.ADC_Cmd           stm32f10x_adc.o
    0x080002b8   0x080002b8   0x00000016   Code   RO          656    i.ADC_DMACmd        stm32f10x_adc.o
    0x080002ce   0x080002ce   0x00000014   Code   RO          663    i.ADC_GetCalibrationStatus  stm32f10x_adc.o
    0x080002e2   0x080002e2   0x00000014   Code   RO          669    i.ADC_GetResetCalibrationStatus  stm32f10x_adc.o
    0x080002f6   0x080002f6   0x00000002   PAD
    0x080002f8   0x080002f8   0x00000050   Code   RO          673    i.ADC_Init          stm32f10x_adc.o
    0x08000348   0x08000348   0x000000b8   Code   RO          677    i.ADC_RegularChannelConfig  stm32f10x_adc.o
    0x08000400   0x08000400   0x0000000a   Code   RO          678    i.ADC_ResetCalibration  stm32f10x_adc.o
    0x0800040a   0x0800040a   0x00000016   Code   RO          680    i.ADC_SoftwareStartConvCmd  stm32f10x_adc.o
    0x08000420   0x08000420   0x0000000a   Code   RO          682    i.ADC_StartCalibration  stm32f10x_adc.o
    0x0800042a   0x0800042a   0x00000002   PAD
    0x0800042c   0x0800042c   0x00000044   Code   RO          239    i.ADCx_GPIO_Config  bsp_adc.o
    0x08000470   0x08000470   0x0000000c   Code   RO          240    i.ADCx_Init         bsp_adc.o
    0x0800047c   0x0800047c   0x00000128   Code   RO          241    i.ADCx_Mode_Config  bsp_adc.o
    0x080005a4   0x080005a4   0x00000040   Code   RO            1    i.AllInit           main.o
    0x080005e4   0x080005e4   0x00000004   Code   RO          150    i.BusFault_Handler  stm32f10x_it.o
    0x080005e8   0x080005e8   0x00000018   Code   RO         1340    i.DMA_Cmd           stm32f10x_dma.o
    0x08000600   0x08000600   0x0000014c   Code   RO         1341    i.DMA_DeInit        stm32f10x_dma.o
    0x0800074c   0x0800074c   0x0000003c   Code   RO         1346    i.DMA_Init          stm32f10x_dma.o
    0x08000788   0x08000788   0x00000002   Code   RO          151    i.DebugMon_Handler  stm32f10x_it.o
    0x0800078a   0x0800078a   0x00000002   PAD
    0x0800078c   0x0800078c   0x000003d8   Code   RO          369    i.Deviation_Calculation  control.o
    0x08000b64   0x08000b64   0x00000116   Code   RO         1764    i.GPIO_Init         stm32f10x_gpio.o
    0x08000c7a   0x08000c7a   0x00000002   PAD
    0x08000c7c   0x08000c7c   0x00000090   Code   RO         1766    i.GPIO_PinRemapConfig  stm32f10x_gpio.o
    0x08000d0c   0x08000d0c   0x00000010   Code   RO         1773    i.GPIO_StructInit   stm32f10x_gpio.o
    0x08000d1c   0x08000d1c   0x00000004   Code   RO          152    i.HardFault_Handler  stm32f10x_it.o
    0x08000d20   0x08000d20   0x00000002   Code   RO          370    i.Hill_Judge_Motor  control.o
    0x08000d22   0x08000d22   0x00000002   Code   RO          372    i.Island_Judge_Motor  control.o
    0x08000d24   0x08000d24   0x00000074   Code   RO          373    i.Island_Judge_Servo  control.o
    0x08000d98   0x08000d98   0x000001c0   Code   RO          474    i.Led_Init          led.o
    0x08000f58   0x08000f58   0x00000004   Code   RO          153    i.MemManage_Handler  stm32f10x_it.o
    0x08000f5c   0x08000f5c   0x00000030   Code   RO          374    i.Motor_Control     control.o
    0x08000f8c   0x08000f8c   0x00000002   Code   RO          154    i.NMI_Handler       stm32f10x_it.o
    0x08000f8e   0x08000f8e   0x00000028   Code   RO          264    i.NVIC_Configuration  bsp_usart.o
    0x08000fb6   0x08000fb6   0x00000002   PAD
    0x08000fb8   0x08000fb8   0x00000070   Code   RO          613    i.NVIC_Init         misc.o
    0x08001028   0x08001028   0x00000014   Code   RO          614    i.NVIC_PriorityGroupConfig  misc.o
    0x0800103c   0x0800103c   0x00000008   Code   RO          375    i.Normal_Judge_Motor  control.o
    0x08001044   0x08001044   0x00000038   Code   RO          376    i.Normal_Judge_Servo  control.o
    0x0800107c   0x0800107c   0x00000002   Code   RO          155    i.PendSV_Handler    stm32f10x_it.o
    0x0800107e   0x0800107e   0x00000002   PAD
    0x08001080   0x08001080   0x00000018   Code   RO         2178    i.RCC_ADCCLKConfig  stm32f10x_rcc.o
    0x08001098   0x08001098   0x00000020   Code   RO         2179    i.RCC_AHBPeriphClockCmd  stm32f10x_rcc.o
    0x080010b8   0x080010b8   0x00000020   Code   RO         2180    i.RCC_APB1PeriphClockCmd  stm32f10x_rcc.o
    0x080010d8   0x080010d8   0x00000020   Code   RO         2182    i.RCC_APB2PeriphClockCmd  stm32f10x_rcc.o
    0x080010f8   0x080010f8   0x000000d4   Code   RO         2190    i.RCC_GetClocksFreq  stm32f10x_rcc.o
    0x080011cc   0x080011cc   0x00000002   Code   RO          156    i.SVC_Handler       stm32f10x_it.o
    0x080011ce   0x080011ce   0x00000002   Code   RO          377    i.SW_Judge_Motor    control.o
    0x080011d0   0x080011d0   0x00000026   Code   RO          343    i.Servo_Control     servo.o
    0x080011f6   0x080011f6   0x00000008   Code   RO          552    i.SetSysClock       system_stm32f10x.o
    0x080011fe   0x080011fe   0x00000002   PAD
    0x08001200   0x08001200   0x000000e0   Code   RO          553    i.SetSysClockTo72   system_stm32f10x.o
    0x080012e0   0x080012e0   0x00000028   Code   RO          617    i.SysTick_CLKSourceConfig  misc.o
    0x08001308   0x08001308   0x00000002   Code   RO          157    i.SysTick_Handler   stm32f10x_it.o
    0x0800130a   0x0800130a   0x00000002   PAD
    0x0800130c   0x0800130c   0x00000060   Code   RO          555    i.SystemInit        system_stm32f10x.o
    0x0800136c   0x0800136c   0x00000080   Code   RO         2798    i.TI1_Config        stm32f10x_tim.o
    0x080013ec   0x080013ec   0x00000098   Code   RO         2799    i.TI2_Config        stm32f10x_tim.o
    0x08001484   0x08001484   0x00000090   Code   RO         2800    i.TI3_Config        stm32f10x_tim.o
    0x08001514   0x08001514   0x00000098   Code   RO         2801    i.TI4_Config        stm32f10x_tim.o
    0x080015ac   0x080015ac   0x00000084   Code   RO          158    i.TIM1_UP_IRQHandler  stm32f10x_it.o
    0x08001630   0x08001630   0x00000008   Code   RO          492    i.TIM3_Init         encode.o
    0x08001638   0x08001638   0x000000a0   Code   RO          493    i.TIM3_Mode_Config  encode.o
    0x080016d8   0x080016d8   0x00000008   Code   RO          494    i.TIM4_Init         encode.o
    0x080016e0   0x080016e0   0x000000a0   Code   RO          495    i.TIM4_Mode_Config  encode.o
    0x08001780   0x08001780   0x000000c4   Code   RO          522    i.TIM5_IRQHandler   tim.o
    0x08001844   0x08001844   0x00000044   Code   RO          159    i.TIM7_IRQHandler   stm32f10x_it.o
    0x08001888   0x08001888   0x00000064   Code   RO          523    i.TIM7_Init         tim.o
    0x080018ec   0x080018ec   0x00000002   Code   RO          160    i.TIM8_UP_IRQHandler  stm32f10x_it.o
    0x080018ee   0x080018ee   0x00000018   Code   RO         2802    i.TIM_ARRPreloadConfig  stm32f10x_tim.o
    0x08001906   0x08001906   0x00000006   Code   RO         2808    i.TIM_ClearFlag     stm32f10x_tim.o
    0x0800190c   0x0800190c   0x00000006   Code   RO         2809    i.TIM_ClearITPendingBit  stm32f10x_tim.o
    0x08001912   0x08001912   0x00000018   Code   RO         2814    i.TIM_Cmd           stm32f10x_tim.o
    0x0800192a   0x0800192a   0x0000001e   Code   RO         2816    i.TIM_CtrlPWMOutputs  stm32f10x_tim.o
    0x08001948   0x08001948   0x00000042   Code   RO         2823    i.TIM_EncoderInterfaceConfig  stm32f10x_tim.o
    0x0800198a   0x0800198a   0x00000006   Code   RO         2833    i.TIM_GetCounter    stm32f10x_tim.o
    0x08001990   0x08001990   0x00000022   Code   RO         2835    i.TIM_GetITStatus   stm32f10x_tim.o
    0x080019b2   0x080019b2   0x00000002   PAD
    0x080019b4   0x080019b4   0x000000ac   Code   RO         2837    i.TIM_ICInit        stm32f10x_tim.o
    0x08001a60   0x08001a60   0x00000012   Code   RO         2838    i.TIM_ICStructInit  stm32f10x_tim.o
    0x08001a72   0x08001a72   0x00000012   Code   RO         2839    i.TIM_ITConfig      stm32f10x_tim.o
    0x08001a84   0x08001a84   0x00000070   Code   RO          524    i.TIM_Init          tim.o
    0x08001af4   0x08001af4   0x00000098   Code   RO         2843    i.TIM_OC1Init       stm32f10x_tim.o
    0x08001b8c   0x08001b8c   0x00000012   Code   RO         2846    i.TIM_OC1PreloadConfig  stm32f10x_tim.o
    0x08001b9e   0x08001b9e   0x00000002   PAD
    0x08001ba0   0x08001ba0   0x000000a4   Code   RO         2848    i.TIM_OC2Init       stm32f10x_tim.o
    0x08001c44   0x08001c44   0x0000001a   Code   RO         2851    i.TIM_OC2PreloadConfig  stm32f10x_tim.o
    0x08001c5e   0x08001c5e   0x00000002   PAD
    0x08001c60   0x08001c60   0x000000a0   Code   RO         2853    i.TIM_OC3Init       stm32f10x_tim.o
    0x08001d00   0x08001d00   0x00000012   Code   RO         2856    i.TIM_OC3PreloadConfig  stm32f10x_tim.o
    0x08001d12   0x08001d12   0x00000002   PAD
    0x08001d14   0x08001d14   0x0000007c   Code   RO         2858    i.TIM_OC4Init       stm32f10x_tim.o
    0x08001d90   0x08001d90   0x0000001a   Code   RO         2860    i.TIM_OC4PreloadConfig  stm32f10x_tim.o
    0x08001daa   0x08001daa   0x00000002   PAD
    0x08001dac   0x08001dac   0x000000b4   Code   RO          344    i.TIM_PWM_Init      servo.o
    0x08001e60   0x08001e60   0x00000004   Code   RO         2875    i.TIM_SetCompare1   stm32f10x_tim.o
    0x08001e64   0x08001e64   0x00000004   Code   RO         2876    i.TIM_SetCompare2   stm32f10x_tim.o
    0x08001e68   0x08001e68   0x00000004   Code   RO         2877    i.TIM_SetCompare3   stm32f10x_tim.o
    0x08001e6c   0x08001e6c   0x00000006   Code   RO         2878    i.TIM_SetCompare4   stm32f10x_tim.o
    0x08001e72   0x08001e72   0x00000012   Code   RO         2880    i.TIM_SetIC1Prescaler  stm32f10x_tim.o
    0x08001e84   0x08001e84   0x0000001a   Code   RO         2881    i.TIM_SetIC2Prescaler  stm32f10x_tim.o
    0x08001e9e   0x08001e9e   0x00000012   Code   RO         2882    i.TIM_SetIC3Prescaler  stm32f10x_tim.o
    0x08001eb0   0x08001eb0   0x0000001a   Code   RO         2883    i.TIM_SetIC4Prescaler  stm32f10x_tim.o
    0x08001eca   0x08001eca   0x00000002   PAD
    0x08001ecc   0x08001ecc   0x000000a4   Code   RO         2885    i.TIM_TimeBaseInit  stm32f10x_tim.o
    0x08001f70   0x08001f70   0x00000012   Code   RO         2886    i.TIM_TimeBaseStructInit  stm32f10x_tim.o
    0x08001f82   0x08001f82   0x00000002   PAD
    0x08001f84   0x08001f84   0x000003ac   Code   RO          380    i.Two_ADC_Calculation  control.o
    0x08002330   0x08002330   0x00000018   Code   RO         3350    i.USART_Cmd         stm32f10x_usart.o
    0x08002348   0x08002348   0x00000090   Code   RO          265    i.USART_Config      bsp_usart.o
    0x080023d8   0x080023d8   0x0000004a   Code   RO         3356    i.USART_ITConfig    stm32f10x_usart.o
    0x08002422   0x08002422   0x00000002   PAD
    0x08002424   0x08002424   0x000000d8   Code   RO         3357    i.USART_Init        stm32f10x_usart.o
    0x080024fc   0x080024fc   0x00000004   Code   RO          161    i.UsageFault_Handler  stm32f10x_it.o
    0x08002500   0x08002500   0x00000044   Code   RO          317    i.delay_init        delay.o
    0x08002544   0x08002544   0x00000008   Code   RO            3    i.main              main.o
    0x0800254c   0x0800254c   0x0000004c   Code   RO         3639    i.sqrt              m_ws.l(sqrt.o)
    0x08002598   0x08002598   0x00000118   Code   RO          457    i.tim_motor_init    motor.o
    0x080026b0   0x080026b0   0x00000062   Code   RO         3586    x$fpl$d2f           fz_ws.l(d2f.o)
    0x08002712   0x08002712   0x00000018   Code   RO         3649    x$fpl$dcmpinf       fz_ws.l(dcmpi.o)
    0x0800272a   0x0800272a   0x00000002   PAD
    0x0800272c   0x0800272c   0x000002b0   Code   RO         3595    x$fpl$ddiv          fz_ws.l(ddiv.o)
    0x080029dc   0x080029dc   0x00000026   Code   RO         3602    x$fpl$dfltu         fz_ws.l(dflt_clz.o)
    0x08002a02   0x08002a02   0x00000002   PAD
    0x08002a04   0x08002a04   0x00000078   Code   RO         3608    x$fpl$dleqf         fz_ws.l(dleqf.o)
    0x08002a7c   0x08002a7c   0x00000154   Code   RO         3610    x$fpl$dmul          fz_ws.l(dmul.o)
    0x08002bd0   0x08002bd0   0x0000009c   Code   RO         3651    x$fpl$dnaninf       fz_ws.l(dnaninf.o)
    0x08002c6c   0x08002c6c   0x0000000c   Code   RO         3653    x$fpl$dretinf       fz_ws.l(dretinf.o)
    0x08002c78   0x08002c78   0x0000006c   Code   RO         3612    x$fpl$drleqf        fz_ws.l(drleqf.o)
    0x08002ce4   0x08002ce4   0x000001cc   Code   RO         3655    x$fpl$dsqrt         fz_ws.l(dsqrt_noumaal.o)
    0x08002eb0   0x08002eb0   0x00000056   Code   RO         3614    x$fpl$f2d           fz_ws.l(f2d.o)
    0x08002f06   0x08002f06   0x00000002   PAD
    0x08002f08   0x08002f08   0x000000c4   Code   RO         3616    x$fpl$fadd          fz_ws.l(faddsub_clz.o)
    0x08002fcc   0x08002fcc   0x00000184   Code   RO         3623    x$fpl$fdiv          fz_ws.l(fdiv.o)
    0x08003150   0x08003150   0x00000036   Code   RO         3626    x$fpl$ffix          fz_ws.l(ffix.o)
    0x08003186   0x08003186   0x00000002   PAD
    0x08003188   0x08003188   0x00000026   Code   RO         3630    x$fpl$ffltu         fz_ws.l(fflt_clz.o)
    0x080031ae   0x080031ae   0x00000002   PAD
    0x080031b0   0x080031b0   0x00000102   Code   RO         3636    x$fpl$fmul          fz_ws.l(fmul.o)
    0x080032b2   0x080032b2   0x0000008c   Code   RO         3657    x$fpl$fnaninf       fz_ws.l(fnaninf.o)
    0x0800333e   0x0800333e   0x0000000a   Code   RO         3659    x$fpl$fretinf       fz_ws.l(fretinf.o)
    0x08003348   0x08003348   0x000000ea   Code   RO         3618    x$fpl$fsub          fz_ws.l(faddsub_clz.o)
    0x08003432   0x08003432   0x00000000   Code   RO         3661    x$fpl$usenofp       fz_ws.l(usenofp.o)
    0x08003432   0x08003432   0x00000002   PAD
    0x08003434   0x08003434   0x00000020   Data   RO         3819    Region$$Table       anon$$obj.o


    Execution Region RW_IRAM1 (Exec base: 0x20000000, Load base: 0x08003454, Size: 0x00000798, Max: 0x00010000, ABSOLUTE)

    Exec Addr    Load Addr    Size         Type   Attr      Idx    E Section Name        Object

    0x20000000   0x08003454   0x00000008   Data   RW          162    .data               stm32f10x_it.o
    0x20000008   0x0800345c   0x00000004   Data   RW          320    .data               delay.o
    0x2000000c   0x08003460   0x00000094   Data   RW          382    .data               control.o
    0x200000a0   0x080034f4   0x00000028   Data   RW          525    .data               tim.o
    0x200000c8   0x0800351c   0x00000014   Data   RW          556    .data               system_stm32f10x.o
    0x200000dc   0x08003530   0x00000014   Data   RW         2210    .data               stm32f10x_rcc.o
    0x200000f0        -       0x0000000a   Zero   RW          242    .bss                bsp_adc.o
    0x200000fa   0x08003544   0x00000002   PAD
    0x200000fc        -       0x00000038   Zero   RW          381    .bss                control.o
    0x20000134        -       0x00000060   Zero   RW         3683    .bss                c_w.l(libspace.o)
    0x20000194   0x08003544   0x00000004   PAD
    0x20000198        -       0x00000200   Zero   RW          606    HEAP                startup_stm32f10x_hd.o
    0x20000398        -       0x00000400   Zero   RW          605    STACK               startup_stm32f10x_hd.o


==============================================================================

Image component sizes


      Code (inc. data)   RO Data    RW Data    ZI Data      Debug   Object Name

       376         20          0          0         10       2025   bsp_adc.o
       184          8          0          0          0       1039   bsp_usart.o
      2158        272          0        148         56       6580   control.o
        68         18          0          4          0        617   delay.o
       336         22          0          0          0       2126   encode.o
       448         14          0          0          0       1127   led.o
        72          0          0          0          0     273501   main.o
       172         22          0          0          0       1921   misc.o
       280         14          0          0          0        725   motor.o
       218          4          0          0          0       1143   servo.o
        64         26        304          0       1536        828   startup_stm32f10x_hd.o
       390         10          0          0          0       7073   stm32f10x_adc.o
       416          8          0          0          0       3282   stm32f10x_dma.o
       438          6          0          0          0       3180   stm32f10x_gpio.o
       228         24          0          8          0       5432   stm32f10x_it.o
       332         44          0         20          0       5333   stm32f10x_rcc.o
      1956        200          0          0          0      19825   stm32f10x_tim.o
       314          6          0          0          0       3546   stm32f10x_usart.o
       328         28          0         20          0       2069   system_stm32f10x.o
       408         56          0         40          0       2371   tim.o

    ----------------------------------------------------------------------
      9218        802        336        240       1604     343743   Object Totals
         0          0         32          0          0          0   (incl. Generated)
        32          0          0          0          2          0   (incl. Padding)

    ----------------------------------------------------------------------

      Code (inc. data)   RO Data    RW Data    ZI Data      Debug   Library Member Name

         8          0          0          0          0         68   __main.o
         0          0          0          0          0          0   __rtentry.o
        12          0          0          0          0          0   __rtentry2.o
         6          0          0          0          0          0   __rtentry4.o
        52          8          0          0          0          0   __scatter.o
        26          0          0          0          0          0   __scatter_copy.o
        28          0          0          0          0          0   __scatter_zi.o
        22          0          0          0          0        100   _rserrno.o
        18          0          0          0          0         80   exit.o
         6          0          0          0          0        152   heapauxi.o
         0          0          0          0          0          0   indicate_semi.o
         2          0          0          0          0          0   libinit.o
         2          0          0          0          0          0   libinit2.o
         2          0          0          0          0          0   libshutdown.o
         2          0          0          0          0          0   libshutdown2.o
         8          4          0          0         96         68   libspace.o
         8          4          0          0          0         68   rt_errno_addr_intlibspace.o
         2          0          0          0          0          0   rtexit.o
        10          0          0          0          0          0   rtexit2.o
        12          4          0          0          0         68   sys_exit.o
        74          0          0          0          0         80   sys_stackheap_outer.o
         2          0          0          0          0         68   use_no_semi.o
        98          4          0          0          0         92   d2f.o
        24          0          0          0          0         68   dcmpi.o
       688        140          0          0          0        208   ddiv.o
        38          0          0          0          0         68   dflt_clz.o
       120          4          0          0          0         92   dleqf.o
       340         12          0          0          0        104   dmul.o
       156          4          0          0          0         92   dnaninf.o
        12          0          0          0          0         68   dretinf.o
       108          0          0          0          0         80   drleqf.o
       460         56          0          0          0        120   dsqrt_noumaal.o
        86          4          0          0          0         84   f2d.o
       430          8          0          0          0        168   faddsub_clz.o
       388         76          0          0          0         96   fdiv.o
        54          4          0          0          0         84   ffix.o
        38          0          0          0          0         68   fflt_clz.o
       258          4          0          0          0         84   fmul.o
       140          4          0          0          0         84   fnaninf.o
        10          0          0          0          0         68   fretinf.o
         0          0          0          0          0          0   usenofp.o
        76          0          0          0          0         84   sqrt.o

    ----------------------------------------------------------------------
      3842        340          0          0        100       2564   Library Totals
        16          0          0          0          4          0   (incl. Padding)

    ----------------------------------------------------------------------

      Code (inc. data)   RO Data    RW Data    ZI Data      Debug   Library Name

       302         20          0          0         96        752   c_w.l
      3448        320          0          0          0       1728   fz_ws.l
        76          0          0          0          0         84   m_ws.l

    ----------------------------------------------------------------------
      3842        340          0          0        100       2564   Library Totals

    ----------------------------------------------------------------------

==============================================================================


      Code (inc. data)   RO Data    RW Data    ZI Data      Debug   

     13060       1142        336        240       1704     339907   Grand Totals
     13060       1142        336        240       1704     339907   ELF Image Totals
     13060       1142        336        240          0          0   ROM Totals

==============================================================================

    Total RO  Size (Code + RO Data)                13396 (  13.08kB)
    Total RW  Size (RW Data + ZI Data)              1944 (   1.90kB)
    Total ROM Size (Code + RO Data + RW Data)      13636 (  13.32kB)

==============================================================================

